Sep  1 16:09:58 pve kernel: [    0.000000] Linux version 4.15.17-1-pve (root@nora) (gcc version 6.3.0 20170516 (Debian 6.3.0-18+deb9u1)) #1 SMP PVE 4.15.17-9 (Wed, 9 May 2018 13:31:43 +0200) ()
Sep  1 16:09:58 pve kernel: [    0.000000] Command line: BOOT_IMAGE=/boot/vmlinuz-4.15.17-1-pve root=/dev/mapper/pve-root ro quiet
Sep  1 16:09:58 pve kernel: [    0.000000] KERNEL supported cpus:
Sep  1 16:09:58 pve kernel: [    0.000000]   Intel GenuineIntel
Sep  1 16:09:58 pve kernel: [    0.000000]   AMD AuthenticAMD
Sep  1 16:09:58 pve kernel: [    0.000000]   Centaur CentaurHauls
Sep  1 16:09:58 pve kernel: [    0.000000] x86/fpu: Supporting XSAVE feature 0x001: 'x87 floating point registers'
Sep  1 16:09:58 pve kernel: [    0.000000] x86/fpu: Supporting XSAVE feature 0x002: 'SSE registers'
Sep  1 16:09:58 pve kernel: [    0.000000] x86/fpu: Supporting XSAVE feature 0x004: 'AVX registers'
Sep  1 16:09:58 pve kernel: [    0.000000] x86/fpu: xstate_offset[2]:  576, xstate_sizes[2]:  256
Sep  1 16:09:58 pve kernel: [    0.000000] x86/fpu: Enabled xstate features 0x7, context size is 832 bytes, using 'standard' format.
Sep  1 16:09:58 pve kernel: [    0.000000] e820: BIOS-provided physical RAM map:
Sep  1 16:09:58 pve kernel: [    0.000000] BIOS-e820: [mem 0x0000000000000000-0x000000000009fbff] usable
Sep  1 16:09:58 pve kernel: [    0.000000] BIOS-e820: [mem 0x000000000009fc00-0x000000000009ffff] reserved
Sep  1 16:09:58 pve kernel: [    0.000000] BIOS-e820: [mem 0x00000000000f0000-0x00000000000fffff] reserved
Sep  1 16:09:58 pve kernel: [    0.000000] BIOS-e820: [mem 0x0000000000100000-0x00000000dffeffff] usable
Sep  1 16:09:58 pve kernel: [    0.000000] BIOS-e820: [mem 0x00000000dfff0000-0x00000000dfffffff] ACPI data
Sep  1 16:09:58 pve kernel: [    0.000000] BIOS-e820: [mem 0x00000000fec00000-0x00000000fec00fff] reserved
Sep  1 16:09:58 pve kernel: [    0.000000] BIOS-e820: [mem 0x00000000fee00000-0x00000000fee00fff] reserved
Sep  1 16:09:58 pve kernel: [    0.000000] BIOS-e820: [mem 0x00000000fffc0000-0x00000000ffffffff] reserved
Sep  1 16:09:58 pve kernel: [    0.000000] BIOS-e820: [mem 0x0000000100000000-0x000000011fffffff] usable
Sep  1 16:09:58 pve kernel: [    0.000000] NX (Execute Disable) protection: active
Sep  1 16:09:58 pve kernel: [    0.000000] random: fast init done
Sep  1 16:09:58 pve kernel: [    0.000000] SMBIOS 2.5 present.
Sep  1 16:09:58 pve kernel: [    0.000000] DMI: innotek GmbH VirtualBox/VirtualBox, BIOS VirtualBox 12/01/2006
Sep  1 16:09:58 pve kernel: [    0.000000] Hypervisor detected: KVM
Sep  1 16:09:58 pve kernel: [    0.000000] e820: last_pfn = 0x120000 max_arch_pfn = 0x400000000
Sep  1 16:09:58 pve kernel: [    0.000000] MTRR: Disabled
Sep  1 16:09:58 pve kernel: [    0.000000] x86/PAT: MTRRs disabled, skipping PAT initialization too.
Sep  1 16:09:58 pve kernel: [    0.000000] CPU MTRRs all blank - virtualized system.
Sep  1 16:09:58 pve kernel: [    0.000000] x86/PAT: Configuration [0-7]: WB  WT  UC- UC  WB  WT  UC- UC  
Sep  1 16:09:58 pve kernel: [    0.000000] e820: last_pfn = 0xdfff0 max_arch_pfn = 0x400000000
Sep  1 16:09:58 pve kernel: [    0.000000] found SMP MP-table at [mem 0x0009fff0-0x0009ffff] mapped at [        (ptrval)]
Sep  1 16:09:58 pve kernel: [    0.000000] Scanning 1 areas for low memory corruption
Sep  1 16:09:58 pve kernel: [    0.000000] RAMDISK: [mem 0x33ab5000-0x35d51fff]
Sep  1 16:09:58 pve kernel: [    0.000000] ACPI: Early table checksum verification disabled
Sep  1 16:09:58 pve kernel: [    0.000000] ACPI: RSDP 0x00000000000E0000 000024 (v02 VBOX  )
Sep  1 16:09:58 pve kernel: [    0.000000] ACPI: XSDT 0x00000000DFFF0030 00003C (v01 VBOX   VBOXXSDT 00000001 ASL  00000061)
Sep  1 16:09:58 pve kernel: [    0.000000] ACPI: FACP 0x00000000DFFF00F0 0000F4 (v04 VBOX   VBOXFACP 00000001 ASL  00000061)
Sep  1 16:09:58 pve kernel: [    0.000000] ACPI: DSDT 0x00000000DFFF0470 0021FF (v02 VBOX   VBOXBIOS 00000002 INTL 20100528)
Sep  1 16:09:58 pve kernel: [    0.000000] ACPI: FACS 0x00000000DFFF0200 000040
Sep  1 16:09:58 pve kernel: [    0.000000] ACPI: FACS 0x00000000DFFF0200 000040
Sep  1 16:09:58 pve kernel: [    0.000000] ACPI: APIC 0x00000000DFFF0240 000054 (v02 VBOX   VBOXAPIC 00000001 ASL  00000061)
Sep  1 16:09:58 pve kernel: [    0.000000] ACPI: SSDT 0x00000000DFFF02A0 0001CC (v01 VBOX   VBOXCPUT 00000002 INTL 20100528)
Sep  1 16:09:58 pve kernel: [    0.000000] No NUMA configuration found
Sep  1 16:09:58 pve kernel: [    0.000000] Faking a node at [mem 0x0000000000000000-0x000000011fffffff]
Sep  1 16:09:58 pve kernel: [    0.000000] NODE_DATA(0) allocated [mem 0x11ffd1000-0x11fffbfff]
Sep  1 16:09:58 pve kernel: [    0.000000] kvm-clock: cpu 0, msr 1:1ff50001, primary cpu clock
Sep  1 16:09:58 pve kernel: [    0.000000] kvm-clock: Using msrs 4b564d01 and 4b564d00
Sep  1 16:09:58 pve kernel: [    0.000000] kvm-clock: using sched offset of 21823111235 cycles
Sep  1 16:09:58 pve kernel: [    0.000000] clocksource: kvm-clock: mask: 0xffffffffffffffff max_cycles: 0x1cd42e4dffb, max_idle_ns: 881590591483 ns
Sep  1 16:09:58 pve kernel: [    0.000000] Zone ranges:
Sep  1 16:09:58 pve kernel: [    0.000000]   DMA      [mem 0x0000000000001000-0x0000000000ffffff]
Sep  1 16:09:58 pve kernel: [    0.000000]   DMA32    [mem 0x0000000001000000-0x00000000ffffffff]
Sep  1 16:09:58 pve kernel: [    0.000000]   Normal   [mem 0x0000000100000000-0x000000011fffffff]
Sep  1 16:09:58 pve kernel: [    0.000000]   Device   empty
Sep  1 16:09:58 pve kernel: [    0.000000] Movable zone start for each node
Sep  1 16:09:58 pve kernel: [    0.000000] Early memory node ranges
Sep  1 16:09:58 pve kernel: [    0.000000]   node   0: [mem 0x0000000000001000-0x000000000009efff]
Sep  1 16:09:58 pve kernel: [    0.000000]   node   0: [mem 0x0000000000100000-0x00000000dffeffff]
Sep  1 16:09:58 pve kernel: [    0.000000]   node   0: [mem 0x0000000100000000-0x000000011fffffff]
Sep  1 16:09:58 pve kernel: [    0.000000] Initmem setup node 0 [mem 0x0000000000001000-0x000000011fffffff]
Sep  1 16:09:58 pve kernel: [    0.000000] Reserved but unavailable: 98 pages
Sep  1 16:09:58 pve kernel: [    0.000000] ACPI: PM-Timer IO Port: 0x4008
Sep  1 16:09:58 pve kernel: [    0.000000] IOAPIC[0]: apic_id 1, version 32, address 0xfec00000, GSI 0-23
Sep  1 16:09:58 pve kernel: [    0.000000] ACPI: INT_SRC_OVR (bus 0 bus_irq 0 global_irq 2 dfl dfl)
Sep  1 16:09:58 pve kernel: [    0.000000] ACPI: INT_SRC_OVR (bus 0 bus_irq 9 global_irq 9 low level)
Sep  1 16:09:58 pve kernel: [    0.000000] Using ACPI (MADT) for SMP configuration information
Sep  1 16:09:58 pve kernel: [    0.000000] smpboot: Allowing 1 CPUs, 0 hotplug CPUs
Sep  1 16:09:58 pve kernel: [    0.000000] PM: Registered nosave memory: [mem 0x00000000-0x00000fff]
Sep  1 16:09:58 pve kernel: [    0.000000] PM: Registered nosave memory: [mem 0x0009f000-0x0009ffff]
Sep  1 16:09:58 pve kernel: [    0.000000] PM: Registered nosave memory: [mem 0x000a0000-0x000effff]
Sep  1 16:09:58 pve kernel: [    0.000000] PM: Registered nosave memory: [mem 0x000f0000-0x000fffff]
Sep  1 16:09:58 pve kernel: [    0.000000] PM: Registered nosave memory: [mem 0xdfff0000-0xdfffffff]
Sep  1 16:09:58 pve kernel: [    0.000000] PM: Registered nosave memory: [mem 0xe0000000-0xfebfffff]
Sep  1 16:09:58 pve kernel: [    0.000000] PM: Registered nosave memory: [mem 0xfec00000-0xfec00fff]
Sep  1 16:09:58 pve kernel: [    0.000000] PM: Registered nosave memory: [mem 0xfec01000-0xfedfffff]
Sep  1 16:09:58 pve kernel: [    0.000000] PM: Registered nosave memory: [mem 0xfee00000-0xfee00fff]
Sep  1 16:09:58 pve kernel: [    0.000000] PM: Registered nosave memory: [mem 0xfee01000-0xfffbffff]
Sep  1 16:09:58 pve kernel: [    0.000000] PM: Registered nosave memory: [mem 0xfffc0000-0xffffffff]
Sep  1 16:09:58 pve kernel: [    0.000000] e820: [mem 0xe0000000-0xfebfffff] available for PCI devices
Sep  1 16:09:58 pve kernel: [    0.000000] Booting paravirtualized kernel on KVM
Sep  1 16:09:58 pve kernel: [    0.000000] clocksource: refined-jiffies: mask: 0xffffffff max_cycles: 0xffffffff, max_idle_ns: 7645519600211568 ns
Sep  1 16:09:58 pve kernel: [    0.000000] setup_percpu: NR_CPUS:8192 nr_cpumask_bits:1 nr_cpu_ids:1 nr_node_ids:1
Sep  1 16:09:58 pve kernel: [    0.000000] percpu: Embedded 46 pages/cpu @        (ptrval) s151552 r8192 d28672 u2097152
Sep  1 16:09:58 pve kernel: [    0.000000] PV qspinlock hash table entries: 256 (order: 0, 4096 bytes)
Sep  1 16:09:58 pve kernel: [    0.000000] Built 1 zonelists, mobility grouping on.  Total pages: 1032057
Sep  1 16:09:58 pve kernel: [    0.000000] Policy zone: Normal
Sep  1 16:09:58 pve kernel: [    0.000000] Kernel command line: BOOT_IMAGE=/boot/vmlinuz-4.15.17-1-pve root=/dev/mapper/pve-root ro quiet
Sep  1 16:09:58 pve kernel: [    0.000000] Memory: 3997920K/4193848K available (12300K kernel code, 2478K rwdata, 4272K rodata, 2412K init, 2416K bss, 195928K reserved, 0K cma-reserved)
Sep  1 16:09:58 pve kernel: [    0.000000] SLUB: HWalign=64, Order=0-3, MinObjects=0, CPUs=1, Nodes=1
Sep  1 16:09:58 pve kernel: [    0.000000] Kernel/User page tables isolation: enabled
Sep  1 16:09:58 pve kernel: [    0.000000] ftrace: allocating 39626 entries in 155 pages
Sep  1 16:09:58 pve kernel: [    0.004000] Hierarchical RCU implementation.
Sep  1 16:09:58 pve kernel: [    0.004000] 	RCU restricting CPUs from NR_CPUS=8192 to nr_cpu_ids=1.
Sep  1 16:09:58 pve kernel: [    0.004000] 	Tasks RCU enabled.
Sep  1 16:09:58 pve kernel: [    0.004000] RCU: Adjusting geometry for rcu_fanout_leaf=16, nr_cpu_ids=1
Sep  1 16:09:58 pve kernel: [    0.004000] NR_IRQS: 524544, nr_irqs: 256, preallocated irqs: 16
Sep  1 16:09:58 pve kernel: [    0.004000] Console: colour VGA+ 80x25
Sep  1 16:09:58 pve kernel: [    0.004000] console [tty0] enabled
Sep  1 16:09:58 pve kernel: [    0.004000] ACPI: Core revision 20170831
Sep  1 16:09:58 pve kernel: [    0.004000] ACPI: 2 ACPI AML tables successfully acquired and loaded
Sep  1 16:09:58 pve kernel: [    0.004000] APIC: Switch to symmetric I/O mode setup
Sep  1 16:09:58 pve kernel: [    0.004000] x2apic enabled
Sep  1 16:09:58 pve kernel: [    0.004000] Switched APIC routing to physical x2apic.
Sep  1 16:09:58 pve kernel: [    0.004000] ..TIMER: vector=0x30 apic1=0 pin1=2 apic2=-1 pin2=-1
Sep  1 16:09:58 pve kernel: [    0.004000] tsc: Detected 4008.004 MHz processor
Sep  1 16:09:58 pve kernel: [    0.004000] Calibrating delay loop (skipped) preset value.. 8016.00 BogoMIPS (lpj=16032016)
Sep  1 16:09:58 pve kernel: [    0.004000] pid_max: default: 32768 minimum: 301
Sep  1 16:09:58 pve kernel: [    0.004000] Security Framework initialized
Sep  1 16:09:58 pve kernel: [    0.004000] Yama: becoming mindful.
Sep  1 16:09:58 pve kernel: [    0.004000] AppArmor: AppArmor initialized
Sep  1 16:09:58 pve kernel: [    0.004000] Dentry cache hash table entries: 524288 (order: 10, 4194304 bytes)
Sep  1 16:09:58 pve kernel: [    0.004000] Inode-cache hash table entries: 262144 (order: 9, 2097152 bytes)
Sep  1 16:09:58 pve kernel: [    0.004000] Mount-cache hash table entries: 8192 (order: 4, 65536 bytes)
Sep  1 16:09:58 pve kernel: [    0.004000] Mountpoint-cache hash table entries: 8192 (order: 4, 65536 bytes)
Sep  1 16:09:58 pve kernel: [    0.004000] CPU: Physical Processor ID: 0
Sep  1 16:09:58 pve kernel: [    0.004000] mce: CPU supports 0 MCE banks
Sep  1 16:09:58 pve kernel: [    0.004000] process: using mwait in idle threads
Sep  1 16:09:58 pve kernel: [    0.004000] Last level iTLB entries: 4KB 64, 2MB 8, 4MB 8
Sep  1 16:09:58 pve kernel: [    0.004000] Last level dTLB entries: 4KB 64, 2MB 0, 4MB 0, 1GB 4
Sep  1 16:09:58 pve kernel: [    0.004000] Spectre V2 : Mitigation: Full generic retpoline
Sep  1 16:09:58 pve kernel: [    0.004000] Spectre V2 : Spectre v2 mitigation: Filling RSB on context switch
Sep  1 16:09:58 pve kernel: [    0.008486] Freeing SMP alternatives memory: 36K
Sep  1 16:09:58 pve kernel: [    0.012000] smpboot: CPU0: Intel(R) Core(TM) i7-6700K CPU @ 4.00GHz (family: 0x6, model: 0x5e, stepping: 0x3)
Sep  1 16:09:58 pve kernel: [    0.012000] Performance Events: unsupported p6 CPU model 94 no PMU driver, software events only.
Sep  1 16:09:58 pve kernel: [    0.012000] Hierarchical SRCU implementation.
Sep  1 16:09:58 pve kernel: [    0.012000] NMI watchdog: Perf event create on CPU 0 failed with -2
Sep  1 16:09:58 pve kernel: [    0.012000] NMI watchdog: Perf NMI watchdog permanently disabled
Sep  1 16:09:58 pve kernel: [    0.012000] smp: Bringing up secondary CPUs ...
Sep  1 16:09:58 pve kernel: [    0.012000] smp: Brought up 1 node, 1 CPU
Sep  1 16:09:58 pve kernel: [    0.012000] smpboot: Max logical packages: 1
Sep  1 16:09:58 pve kernel: [    0.012000] smpboot: Total of 1 processors activated (8016.00 BogoMIPS)
Sep  1 16:09:58 pve kernel: [    0.012000] devtmpfs: initialized
Sep  1 16:09:58 pve kernel: [    0.012000] x86/mm: Memory block size: 128MB
Sep  1 16:09:58 pve kernel: [    0.012000] evm: security.selinux
Sep  1 16:09:58 pve kernel: [    0.012000] evm: security.SMACK64
Sep  1 16:09:58 pve kernel: [    0.012000] evm: security.SMACK64EXEC
Sep  1 16:09:58 pve kernel: [    0.012000] evm: security.SMACK64TRANSMUTE
Sep  1 16:09:58 pve kernel: [    0.012000] evm: security.SMACK64MMAP
Sep  1 16:09:58 pve kernel: [    0.012000] evm: security.apparmor
Sep  1 16:09:58 pve kernel: [    0.012000] evm: security.ima
Sep  1 16:09:58 pve kernel: [    0.012000] evm: security.capability
Sep  1 16:09:58 pve kernel: [    0.012000] clocksource: jiffies: mask: 0xffffffff max_cycles: 0xffffffff, max_idle_ns: 7645041785100000 ns
Sep  1 16:09:58 pve kernel: [    0.012000] futex hash table entries: 256 (order: 2, 16384 bytes)
Sep  1 16:09:58 pve kernel: [    0.012000] pinctrl core: initialized pinctrl subsystem
Sep  1 16:09:58 pve kernel: [    0.012000] RTC time: 21:09:53, date: 09/01/18
Sep  1 16:09:58 pve kernel: [    0.012000] NET: Registered protocol family 16
Sep  1 16:09:58 pve kernel: [    0.012000] audit: initializing netlink subsys (disabled)
Sep  1 16:09:58 pve kernel: [    0.012000] cpuidle: using governor ladder
Sep  1 16:09:58 pve kernel: [    0.012000] cpuidle: using governor menu
Sep  1 16:09:58 pve kernel: [    0.012000] ACPI: bus type PCI registered
Sep  1 16:09:58 pve kernel: [    0.012000] acpiphp: ACPI Hot Plug PCI Controller Driver version: 0.5
Sep  1 16:09:58 pve kernel: [    0.012000] PCI: Using configuration type 1 for base access
Sep  1 16:09:58 pve kernel: [    0.012000] audit: type=2000 audit(1535836216.480:1): state=initialized audit_enabled=0 res=1
Sep  1 16:09:58 pve kernel: [    0.012000] HugeTLB registered 2.00 MiB page size, pre-allocated 0 pages
Sep  1 16:09:58 pve kernel: [    0.012000] ACPI: Added _OSI(Module Device)
Sep  1 16:09:58 pve kernel: [    0.012000] ACPI: Added _OSI(Processor Device)
Sep  1 16:09:58 pve kernel: [    0.012000] ACPI: Added _OSI(3.0 _SCP Extensions)
Sep  1 16:09:58 pve kernel: [    0.012000] ACPI: Added _OSI(Processor Aggregator Device)
Sep  1 16:09:58 pve kernel: [    0.012000] ACPI: Executed 1 blocks of module-level executable AML code
Sep  1 16:09:58 pve kernel: [    0.012960] ACPI: Interpreter enabled
Sep  1 16:09:58 pve kernel: [    0.012966] ACPI: (supports S0 S5)
Sep  1 16:09:58 pve kernel: [    0.012967] ACPI: Using IOAPIC for interrupt routing
Sep  1 16:09:58 pve kernel: [    0.013132] PCI: Using host bridge windows from ACPI; if necessary, use "pci=nocrs" and report a bug
Sep  1 16:09:58 pve kernel: [    0.013234] ACPI: Enabled 2 GPEs in block 00 to 07
Sep  1 16:09:58 pve kernel: [    0.017124] ACPI: PCI Root Bridge [PCI0] (domain 0000 [bus 00-ff])
Sep  1 16:09:58 pve kernel: [    0.017127] acpi PNP0A03:00: _OSC: OS supports [ASPM ClockPM Segments MSI]
Sep  1 16:09:58 pve kernel: [    0.017142] acpi PNP0A03:00: _OSC: not requesting OS control; OS requires [ExtendedConfig ASPM ClockPM MSI]
Sep  1 16:09:58 pve kernel: [    0.017148] acpi PNP0A03:00: fail to add MMCONFIG information, can't access extended PCI configuration space under this bridge.
Sep  1 16:09:58 pve kernel: [    0.017362] PCI host bridge to bus 0000:00
Sep  1 16:09:58 pve kernel: [    0.017364] pci_bus 0000:00: root bus resource [io  0x0000-0x0cf7 window]
Sep  1 16:09:58 pve kernel: [    0.017365] pci_bus 0000:00: root bus resource [io  0x0d00-0xffff window]
Sep  1 16:09:58 pve kernel: [    0.017366] pci_bus 0000:00: root bus resource [mem 0x000a0000-0x000bffff window]
Sep  1 16:09:58 pve kernel: [    0.017367] pci_bus 0000:00: root bus resource [mem 0xe0000000-0xfdffffff window]
Sep  1 16:09:58 pve kernel: [    0.017368] pci_bus 0000:00: root bus resource [bus 00-ff]
Sep  1 16:09:58 pve kernel: [    0.018587] pci 0000:00:01.1: legacy IDE quirk: reg 0x10: [io  0x01f0-0x01f7]
Sep  1 16:09:58 pve kernel: [    0.018588] pci 0000:00:01.1: legacy IDE quirk: reg 0x14: [io  0x03f6]
Sep  1 16:09:58 pve kernel: [    0.018589] pci 0000:00:01.1: legacy IDE quirk: reg 0x18: [io  0x0170-0x0177]
Sep  1 16:09:58 pve kernel: [    0.018590] pci 0000:00:01.1: legacy IDE quirk: reg 0x1c: [io  0x0376]
Sep  1 16:09:58 pve kernel: [    0.063733] pci 0000:00:07.0: quirk: [io  0x4000-0x403f] claimed by PIIX4 ACPI
Sep  1 16:09:58 pve kernel: [    0.063740] pci 0000:00:07.0: quirk: [io  0x4100-0x410f] claimed by PIIX4 SMB
Sep  1 16:09:58 pve kernel: [    0.081190] ACPI: PCI Interrupt Link [LNKA] (IRQs 5 9 10 *11)
Sep  1 16:09:58 pve kernel: [    0.081410] ACPI: PCI Interrupt Link [LNKB] (IRQs 5 9 *10 11)
Sep  1 16:09:58 pve kernel: [    0.081485] ACPI: PCI Interrupt Link [LNKC] (IRQs 5 *9 10 11)
Sep  1 16:09:58 pve kernel: [    0.081560] ACPI: PCI Interrupt Link [LNKD] (IRQs 5 9 10 *11)
Sep  1 16:09:58 pve kernel: [    0.081756] SCSI subsystem initialized
Sep  1 16:09:58 pve kernel: [    0.081810] pci 0000:00:02.0: vgaarb: setting as boot VGA device
Sep  1 16:09:58 pve kernel: [    0.081811] pci 0000:00:02.0: vgaarb: VGA device added: decodes=io+mem,owns=io+mem,locks=none
Sep  1 16:09:58 pve kernel: [    0.081813] pci 0000:00:02.0: vgaarb: bridge control possible
Sep  1 16:09:58 pve kernel: [    0.081813] vgaarb: loaded
Sep  1 16:09:58 pve kernel: [    0.081824] ACPI: bus type USB registered
Sep  1 16:09:58 pve kernel: [    0.081832] usbcore: registered new interface driver usbfs
Sep  1 16:09:58 pve kernel: [    0.081836] usbcore: registered new interface driver hub
Sep  1 16:09:58 pve kernel: [    0.081841] usbcore: registered new device driver usb
Sep  1 16:09:58 pve kernel: [    0.081868] EDAC MC: Ver: 3.0.0
Sep  1 16:09:58 pve kernel: [    0.082054] PCI: Using ACPI for IRQ routing
Sep  1 16:09:58 pve kernel: [    0.082234] NetLabel: Initializing
Sep  1 16:09:58 pve kernel: [    0.082235] NetLabel:  domain hash size = 128
Sep  1 16:09:58 pve kernel: [    0.082235] NetLabel:  protocols = UNLABELED CIPSOv4 CALIPSO
Sep  1 16:09:58 pve kernel: [    0.082247] NetLabel:  unlabeled traffic allowed by default
Sep  1 16:09:58 pve kernel: [    0.082301] clocksource: Switched to clocksource kvm-clock
Sep  1 16:09:58 pve kernel: [    0.087475] VFS: Disk quotas dquot_6.6.0
Sep  1 16:09:58 pve kernel: [    0.087484] VFS: Dquot-cache hash table entries: 512 (order 0, 4096 bytes)
Sep  1 16:09:58 pve kernel: [    0.087539] AppArmor: AppArmor Filesystem Enabled
Sep  1 16:09:58 pve kernel: [    0.087555] pnp: PnP ACPI init
Sep  1 16:09:58 pve kernel: [    0.088203] pnp: PnP ACPI: found 2 devices
Sep  1 16:09:58 pve kernel: [    0.093932] clocksource: acpi_pm: mask: 0xffffff max_cycles: 0xffffff, max_idle_ns: 2085701024 ns
Sep  1 16:09:58 pve kernel: [    0.093971] NET: Registered protocol family 2
Sep  1 16:09:58 pve kernel: [    0.094081] TCP established hash table entries: 32768 (order: 6, 262144 bytes)
Sep  1 16:09:58 pve kernel: [    0.094109] TCP bind hash table entries: 32768 (order: 7, 524288 bytes)
Sep  1 16:09:58 pve kernel: [    0.094133] TCP: Hash tables configured (established 32768 bind 32768)
Sep  1 16:09:58 pve kernel: [    0.094145] UDP hash table entries: 2048 (order: 4, 65536 bytes)
Sep  1 16:09:58 pve kernel: [    0.094151] UDP-Lite hash table entries: 2048 (order: 4, 65536 bytes)
Sep  1 16:09:58 pve kernel: [    0.094170] NET: Registered protocol family 1
Sep  1 16:09:58 pve kernel: [    0.094175] pci 0000:00:00.0: Limiting direct PCI/PCI transfers
Sep  1 16:09:58 pve kernel: [    0.094194] pci 0000:00:01.0: Activating ISA DMA hang workarounds
Sep  1 16:09:58 pve kernel: [    0.094228] pci 0000:00:02.0: Video device with shadowed ROM at [mem 0x000c0000-0x000dffff]
Sep  1 16:09:58 pve kernel: [    0.096172] Unpacking initramfs...
Sep  1 16:09:58 pve kernel: [    0.478601] Freeing initrd memory: 35444K
Sep  1 16:09:58 pve kernel: [    0.478608] PCI-DMA: Using software bounce buffering for IO (SWIOTLB)
Sep  1 16:09:58 pve kernel: [    0.478610] software IO TLB [mem 0xdbff0000-0xdfff0000] (64MB) mapped at [000000006fbdd392-00000000a9d9bde0]
Sep  1 16:09:58 pve kernel: [    0.478675] platform rtc_cmos: registered platform RTC device (no PNP device found)
Sep  1 16:09:58 pve kernel: [    0.478690] Scanning for low memory corruption every 60 seconds
Sep  1 16:09:58 pve kernel: [    0.479047] Initialise system trusted keyrings
Sep  1 16:09:58 pve kernel: [    0.479052] Key type blacklist registered
Sep  1 16:09:58 pve kernel: [    0.479075] workingset: timestamp_bits=36 max_order=20 bucket_order=0
Sep  1 16:09:58 pve kernel: [    0.480844] zbud: loaded
Sep  1 16:09:58 pve kernel: [    0.481144] squashfs: version 4.0 (2009/01/31) Phillip Lougher
Sep  1 16:09:58 pve kernel: [    0.481210] fuse init (API version 7.26)
Sep  1 16:09:58 pve kernel: [    0.481618] Key type asymmetric registered
Sep  1 16:09:58 pve kernel: [    0.481618] Asymmetric key parser 'x509' registered
Sep  1 16:09:58 pve kernel: [    0.481633] Block layer SCSI generic (bsg) driver version 0.4 loaded (major 246)
Sep  1 16:09:58 pve kernel: [    0.481645] io scheduler noop registered
Sep  1 16:09:58 pve kernel: [    0.481646] io scheduler deadline registered (default)
Sep  1 16:09:58 pve kernel: [    0.481678] io scheduler cfq registered
Sep  1 16:09:58 pve kernel: [    0.481831] ACPI: AC Adapter [AC] (on-line)
Sep  1 16:09:58 pve kernel: [    0.481860] input: Power Button as /devices/LNXSYSTM:00/LNXPWRBN:00/input/input0
Sep  1 16:09:58 pve kernel: [    0.481870] ACPI: Power Button [PWRF]
Sep  1 16:09:58 pve kernel: [    0.481914] input: Sleep Button as /devices/LNXSYSTM:00/LNXSLPBN:00/input/input1
Sep  1 16:09:58 pve kernel: [    0.481917] ACPI: Sleep Button [SLPF]
Sep  1 16:09:58 pve kernel: [    0.482039] Serial: 8250/16550 driver, 32 ports, IRQ sharing enabled
Sep  1 16:09:58 pve kernel: [    0.482815] Linux agpgart interface v0.103
Sep  1 16:09:58 pve kernel: [    0.484370] loop: module loaded
Sep  1 16:09:58 pve kernel: [    0.484701] scsi host0: ata_piix
Sep  1 16:09:58 pve kernel: [    0.484733] scsi host1: ata_piix
Sep  1 16:09:58 pve kernel: [    0.484747] ata1: PATA max UDMA/33 cmd 0x1f0 ctl 0x3f6 bmdma 0xd000 irq 14
Sep  1 16:09:58 pve kernel: [    0.484748] ata2: PATA max UDMA/33 cmd 0x170 ctl 0x376 bmdma 0xd008 irq 15
Sep  1 16:09:58 pve kernel: [    0.484787] libphy: Fixed MDIO Bus: probed
Sep  1 16:09:58 pve kernel: [    0.484787] tun: Universal TUN/TAP device driver, 1.6
Sep  1 16:09:58 pve kernel: [    0.484999] PPP generic driver version 2.4.2
Sep  1 16:09:58 pve kernel: [    0.485020] ehci_hcd: USB 2.0 'Enhanced' Host Controller (EHCI) Driver
Sep  1 16:09:58 pve kernel: [    0.485022] ehci-pci: EHCI PCI platform driver
Sep  1 16:09:58 pve kernel: [    0.485472] ehci-pci 0000:00:0b.0: EHCI Host Controller
Sep  1 16:09:58 pve kernel: [    0.485475] ehci-pci 0000:00:0b.0: new USB bus registered, assigned bus number 1
Sep  1 16:09:58 pve kernel: [    0.485605] ehci-pci 0000:00:0b.0: irq 19, io mem 0xf0805000
Sep  1 16:09:58 pve kernel: [    0.500371] ehci-pci 0000:00:0b.0: USB 2.0 started, EHCI 1.00
Sep  1 16:09:58 pve kernel: [    0.500410] usb usb1: New USB device found, idVendor=1d6b, idProduct=0002
Sep  1 16:09:58 pve kernel: [    0.500411] usb usb1: New USB device strings: Mfr=3, Product=2, SerialNumber=1
Sep  1 16:09:58 pve kernel: [    0.500412] usb usb1: Product: EHCI Host Controller
Sep  1 16:09:58 pve kernel: [    0.500413] usb usb1: Manufacturer: Linux 4.15.17-1-pve ehci_hcd
Sep  1 16:09:58 pve kernel: [    0.500414] usb usb1: SerialNumber: 0000:00:0b.0
Sep  1 16:09:58 pve kernel: [    0.500482] hub 1-0:1.0: USB hub found
Sep  1 16:09:58 pve kernel: [    0.500485] hub 1-0:1.0: 12 ports detected
Sep  1 16:09:58 pve kernel: [    0.500616] ehci-platform: EHCI generic platform driver
Sep  1 16:09:58 pve kernel: [    0.500623] ohci_hcd: USB 1.1 'Open' Host Controller (OHCI) Driver
Sep  1 16:09:58 pve kernel: [    0.500625] ohci-pci: OHCI PCI platform driver
Sep  1 16:09:58 pve kernel: [    0.501103] ohci-pci 0000:00:06.0: OHCI PCI host controller
Sep  1 16:09:58 pve kernel: [    0.501108] ohci-pci 0000:00:06.0: new USB bus registered, assigned bus number 2
Sep  1 16:09:58 pve kernel: [    0.501153] ohci-pci 0000:00:06.0: irq 22, io mem 0xf0804000
Sep  1 16:09:58 pve kernel: [    0.560923] usb usb2: New USB device found, idVendor=1d6b, idProduct=0001
Sep  1 16:09:58 pve kernel: [    0.560924] usb usb2: New USB device strings: Mfr=3, Product=2, SerialNumber=1
Sep  1 16:09:58 pve kernel: [    0.560925] usb usb2: Product: OHCI PCI host controller
Sep  1 16:09:58 pve kernel: [    0.560926] usb usb2: Manufacturer: Linux 4.15.17-1-pve ohci_hcd
Sep  1 16:09:58 pve kernel: [    0.560927] usb usb2: SerialNumber: 0000:00:06.0
Sep  1 16:09:58 pve kernel: [    0.561005] hub 2-0:1.0: USB hub found
Sep  1 16:09:58 pve kernel: [    0.561014] hub 2-0:1.0: 12 ports detected
Sep  1 16:09:58 pve kernel: [    0.561235] ohci-platform: OHCI generic platform driver
Sep  1 16:09:58 pve kernel: [    0.561242] uhci_hcd: USB Universal Host Controller Interface driver
Sep  1 16:09:58 pve kernel: [    0.561280] i8042: PNP: PS/2 Controller [PNP0303:PS2K,PNP0f03:PS2M] at 0x60,0x64 irq 1,12
Sep  1 16:09:58 pve kernel: [    0.561633] serio: i8042 KBD port at 0x60,0x64 irq 1
Sep  1 16:09:58 pve kernel: [    0.561635] serio: i8042 AUX port at 0x60,0x64 irq 12
Sep  1 16:09:58 pve kernel: [    0.561690] mousedev: PS/2 mouse device common for all mice
Sep  1 16:09:58 pve kernel: [    0.561846] input: AT Translated Set 2 keyboard as /devices/platform/i8042/serio0/input/input2
Sep  1 16:09:58 pve kernel: [    0.562094] rtc_cmos rtc_cmos: rtc core: registered rtc_cmos as rtc0
Sep  1 16:09:58 pve kernel: [    0.562131] rtc_cmos rtc_cmos: alarms up to one day, 114 bytes nvram
Sep  1 16:09:58 pve kernel: [    0.562134] i2c /dev entries driver
Sep  1 16:09:58 pve kernel: [    0.562163] device-mapper: uevent: version 1.0.3
Sep  1 16:09:58 pve kernel: [    0.562194] device-mapper: ioctl: 4.37.0-ioctl (2017-09-20) initialised: dm-devel@redhat.com
Sep  1 16:09:58 pve kernel: [    0.562199] ledtrig-cpu: registered to indicate activity on CPUs
Sep  1 16:09:58 pve kernel: [    0.562276] intel_pmc_core:  initialized
Sep  1 16:09:58 pve kernel: [    0.562388] NET: Registered protocol family 10
Sep  1 16:09:58 pve kernel: [    0.563822] Segment Routing with IPv6
Sep  1 16:09:58 pve kernel: [    0.563845] NET: Registered protocol family 17
Sep  1 16:09:58 pve kernel: [    0.563852] Bridge firewalling registered
Sep  1 16:09:58 pve kernel: [    0.563871] Key type dns_resolver registered
Sep  1 16:09:58 pve kernel: [    0.563922] RAS: Correctable Errors collector initialized.
Sep  1 16:09:58 pve kernel: [    0.563928] sched_clock: Marking stable (560205854, 0)->(758014160, -197808306)
Sep  1 16:09:58 pve kernel: [    0.563992] registered taskstats version 1
Sep  1 16:09:58 pve kernel: [    0.563997] Loading compiled-in X.509 certificates
Sep  1 16:09:58 pve kernel: [    0.564004] zswap: loaded using pool lzo/zbud
Sep  1 16:09:58 pve kernel: [    0.565261] Key type big_key registered
Sep  1 16:09:58 pve kernel: [    0.565263] Key type trusted registered
Sep  1 16:09:58 pve kernel: [    0.565877] Key type encrypted registered
Sep  1 16:09:58 pve kernel: [    0.565879] AppArmor: AppArmor sha1 policy hashing enabled
Sep  1 16:09:58 pve kernel: [    0.565880] ima: No TPM chip found, activating TPM-bypass! (rc=-19)
Sep  1 16:09:58 pve kernel: [    0.565889] evm: HMAC attrs: 0x1
Sep  1 16:09:58 pve kernel: [    0.566066]   Magic number: 2:936:195
Sep  1 16:09:58 pve kernel: [    0.566113] rtc_cmos rtc_cmos: setting system clock to 2018-09-01 21:09:53 UTC (1535836193)
Sep  1 16:09:58 pve kernel: [    0.566149] BIOS EDD facility v0.16 2004-Jun-25, 0 devices found
Sep  1 16:09:58 pve kernel: [    0.566149] EDD information not available.
Sep  1 16:09:58 pve kernel: [    0.644421] ata2.00: ATAPI: VBOX CD-ROM, 1.0, max UDMA/133
Sep  1 16:09:58 pve kernel: [    0.644698] ata2.00: configured for UDMA/33
Sep  1 16:09:58 pve kernel: [    0.645089] scsi 1:0:0:0: CD-ROM            VBOX     CD-ROM           1.0  PQ: 0 ANSI: 5
Sep  1 16:09:58 pve kernel: [    0.668551] sr 1:0:0:0: [sr0] scsi3-mmc drive: 32x/32x xa/form2 tray
Sep  1 16:09:58 pve kernel: [    0.668552] cdrom: Uniform CD-ROM driver Revision: 3.20
Sep  1 16:09:58 pve kernel: [    0.668778] sr 1:0:0:0: Attached scsi generic sg0 type 5
Sep  1 16:09:58 pve kernel: [    0.670796] Freeing unused kernel memory: 2412K
Sep  1 16:09:58 pve kernel: [    0.670797] Write protecting the kernel read-only data: 20480k
Sep  1 16:09:58 pve kernel: [    0.671020] Freeing unused kernel memory: 2008K
Sep  1 16:09:58 pve kernel: [    0.673222] Freeing unused kernel memory: 1872K
Sep  1 16:09:58 pve kernel: [    0.677179] x86/mm: Checked W+X mappings: passed, no W+X pages found.
Sep  1 16:09:58 pve kernel: [    0.677179] x86/mm: Checking user space page tables
Sep  1 16:09:58 pve kernel: [    0.680956] x86/mm: Checked W+X mappings: passed, no W+X pages found.
Sep  1 16:09:58 pve kernel: [    0.707206] e1000: Intel(R) PRO/1000 Network Driver - version 7.3.21-k8-NAPI
Sep  1 16:09:58 pve kernel: [    0.707207] e1000: Copyright (c) 1999-2006 Intel Corporation.
Sep  1 16:09:58 pve kernel: [    0.923339] input: ImExPS/2 Generic Explorer Mouse as /devices/platform/i8042/serio1/input/input4
Sep  1 16:09:58 pve kernel: [    1.032265] usb 2-1: new full-speed USB device number 2 using ohci-pci
Sep  1 16:09:58 pve kernel: [    1.068756] e1000 0000:00:03.0 eth0: (PCI:33MHz:32-bit) 08:00:27:22:d0:aa
Sep  1 16:09:58 pve kernel: [    1.068761] e1000 0000:00:03.0 eth0: Intel(R) PRO/1000 Network Connection
Sep  1 16:09:58 pve kernel: [    1.068854] piix4_smbus 0000:00:07.0: SMBus Host Controller at 0x4100, revision 0
Sep  1 16:09:58 pve kernel: [    1.069816] ahci 0000:00:0d.0: SSS flag set, parallel bus scan disabled
Sep  1 16:09:58 pve kernel: [    1.069919] ahci 0000:00:0d.0: AHCI 0001.0100 32 slots 1 ports 3 Gbps 0x1 impl SATA mode
Sep  1 16:09:58 pve kernel: [    1.069921] ahci 0000:00:0d.0: flags: 64bit ncq stag only ccc 
Sep  1 16:09:58 pve kernel: [    1.071493] e1000 0000:00:03.0 enp0s3: renamed from eth0
Sep  1 16:09:58 pve kernel: [    1.072438] scsi host2: ahci
Sep  1 16:09:58 pve kernel: [    1.072484] ata3: SATA max UDMA/133 abar m8192@0xf0806000 port 0xf0806100 irq 21
Sep  1 16:09:58 pve kernel: [    1.351315] usb 2-1: New USB device found, idVendor=80ee, idProduct=0021
Sep  1 16:09:58 pve kernel: [    1.351317] usb 2-1: New USB device strings: Mfr=1, Product=3, SerialNumber=0
Sep  1 16:09:58 pve kernel: [    1.351318] usb 2-1: Product: USB Tablet
Sep  1 16:09:58 pve kernel: [    1.351319] usb 2-1: Manufacturer: VirtualBox
Sep  1 16:09:58 pve kernel: [    1.358194] hidraw: raw HID events driver (C) Jiri Kosina
Sep  1 16:09:58 pve kernel: [    1.371803] usbcore: registered new interface driver usbhid
Sep  1 16:09:58 pve kernel: [    1.371804] usbhid: USB HID core driver
Sep  1 16:09:58 pve kernel: [    1.372224] input: VirtualBox USB Tablet as /devices/pci0000:00/0000:00:06.0/usb2/2-1/2-1:1.0/0003:80EE:0021.0001/input/input5
Sep  1 16:09:58 pve kernel: [    1.372348] hid-generic 0003:80EE:0021.0001: input,hidraw0: USB HID v1.10 Mouse [VirtualBox USB Tablet] on usb-0000:00:06.0-1/input0
Sep  1 16:09:58 pve kernel: [    1.388227] ata3: SATA link up 3.0 Gbps (SStatus 123 SControl 300)
Sep  1 16:09:58 pve kernel: [    1.388312] ata3.00: ATA-6: VBOX HARDDISK, 1.0, max UDMA/133
Sep  1 16:09:58 pve kernel: [    1.388313] ata3.00: 16777216 sectors, multi 128: LBA48 NCQ (depth 31/32)
Sep  1 16:09:58 pve kernel: [    1.388431] ata3.00: configured for UDMA/133
Sep  1 16:09:58 pve kernel: [    1.388494] scsi 2:0:0:0: Direct-Access     ATA      VBOX HARDDISK    1.0  PQ: 0 ANSI: 5
Sep  1 16:09:58 pve kernel: [    1.388613] sd 2:0:0:0: [sda] 16777216 512-byte logical blocks: (8.59 GB/8.00 GiB)
Sep  1 16:09:58 pve kernel: [    1.388617] sd 2:0:0:0: [sda] Write Protect is off
Sep  1 16:09:58 pve kernel: [    1.388624] sd 2:0:0:0: [sda] Write cache: enabled, read cache: enabled, doesn't support DPO or FUA
Sep  1 16:09:58 pve kernel: [    1.388723] sd 2:0:0:0: Attached scsi generic sg1 type 0
Sep  1 16:09:58 pve kernel: [    1.391833]  sda: sda1 sda2 sda3
Sep  1 16:09:58 pve kernel: [    1.391957] sd 2:0:0:0: [sda] Attached SCSI disk
Sep  1 16:09:58 pve kernel: [    1.504422] tsc: Refined TSC clocksource calibration: 4006.759 MHz
Sep  1 16:09:58 pve kernel: [    1.504424] clocksource: tsc: mask: 0xffffffffffffffff max_cycles: 0x39c14d0cf09, max_idle_ns: 440795242619 ns
Sep  1 16:09:58 pve kernel: [    1.556093] raid6: sse2x1   gen() 13459 MB/s
Sep  1 16:09:58 pve kernel: [    1.604405] raid6: sse2x1   xor()  9928 MB/s
Sep  1 16:09:58 pve kernel: [    1.652220] raid6: sse2x2   gen() 16523 MB/s
Sep  1 16:09:58 pve kernel: [    1.700044] raid6: sse2x2   xor()  9892 MB/s
Sep  1 16:09:58 pve kernel: [    1.748368] raid6: sse2x4   gen() 18767 MB/s
Sep  1 16:09:58 pve kernel: [    1.796188] raid6: sse2x4   xor() 12600 MB/s
Sep  1 16:09:58 pve kernel: [    1.844019] raid6: avx2x1   gen() 26817 MB/s
Sep  1 16:09:58 pve kernel: [    1.892016] raid6: avx2x1   xor() 16644 MB/s
Sep  1 16:09:58 pve kernel: [    1.940158] raid6: avx2x2   gen() 30528 MB/s
Sep  1 16:09:58 pve kernel: [    1.988467] raid6: avx2x2   xor() 21461 MB/s
Sep  1 16:09:58 pve kernel: [    2.036291] raid6: avx2x4   gen() 31887 MB/s
Sep  1 16:09:58 pve kernel: [    2.084028] raid6: avx2x4   xor() 23324 MB/s
Sep  1 16:09:58 pve kernel: [    2.084029] raid6: using algorithm avx2x4 gen() 31887 MB/s
Sep  1 16:09:58 pve kernel: [    2.084029] raid6: .... xor() 23324 MB/s, rmw enabled
Sep  1 16:09:58 pve kernel: [    2.084030] raid6: using avx2x2 recovery algorithm
Sep  1 16:09:58 pve kernel: [    2.086927] xor: automatically using best checksumming function   avx       
Sep  1 16:09:58 pve kernel: [    2.099391] Btrfs loaded, crc32c=crc32c-intel
Sep  1 16:09:58 pve kernel: [    2.214936] EXT4-fs (dm-1): mounted filesystem with ordered data mode. Opts: (null)
Sep  1 16:09:58 pve kernel: [    2.284725] ip_tables: (C) 2000-2006 Netfilter Core Team
Sep  1 16:09:58 pve kernel: [    2.428672] RPC: Registered named UNIX socket transport module.
Sep  1 16:09:58 pve kernel: [    2.428673] RPC: Registered udp transport module.
Sep  1 16:09:58 pve kernel: [    2.428673] RPC: Registered tcp transport module.
Sep  1 16:09:58 pve kernel: [    2.428673] RPC: Registered tcp NFSv4.1 backchannel transport module.
Sep  1 16:09:58 pve kernel: [    2.430001] EXT4-fs (dm-1): re-mounted. Opts: errors=remount-ro
Sep  1 16:09:58 pve kernel: [    2.431117] Loading iSCSI transport class v2.0-870.
Sep  1 16:09:58 pve kernel: [    2.446255] iscsi: registered transport (tcp)
Sep  1 16:09:58 pve kernel: [    2.485832] iscsi: registered transport (iser)
Sep  1 16:09:58 pve kernel: [    2.490417] spl: loading out-of-tree module taints kernel.
Sep  1 16:09:58 pve kernel: [    2.507608] SPL: Loaded module v0.7.8-1
Sep  1 16:09:58 pve kernel: [    2.508682] znvpair: module license 'CDDL' taints kernel.
Sep  1 16:09:58 pve kernel: [    2.508683] Disabling lock debugging due to kernel taint
Sep  1 16:09:58 pve kernel: [    3.216917] ACPI: Video Device [GFX0] (multi-head: yes  rom: no  post: no)
Sep  1 16:09:58 pve kernel: [    3.216963] input: Video Bus as /devices/LNXSYSTM:00/LNXSYBUS:00/PNP0A03:00/LNXVIDEO:00/input/input6
Sep  1 16:09:58 pve kernel: [    3.225093] vgdrvHeartbeatInit: Setting up heartbeat to trigger every 2000 milliseconds
Sep  1 16:09:58 pve kernel: [    3.234672] input: Unspecified device as /devices/pci0000:00/0000:00:04.0/input/input7
Sep  1 16:09:58 pve kernel: [    3.236419] vboxguest: misc device minor 55, IRQ 20, I/O port d020, MMIO at 00000000f0400000 (size 0x400000)
Sep  1 16:09:58 pve kernel: [    3.256104] input: PC Speaker as /devices/platform/pcspkr/input/input8
Sep  1 16:09:58 pve kernel: [    3.268964] vboxvideo: module is from the staging directory, the quality is unknown, you have been warned.
Sep  1 16:09:58 pve kernel: [    3.280619] RAPL PMU: API unit is 2^-32 Joules, 5 fixed counters, 10737418240 ms ovfl timer
Sep  1 16:09:58 pve kernel: [    3.280620] RAPL PMU: hw unit of domain pp0-core 2^-0 Joules
Sep  1 16:09:58 pve kernel: [    3.280620] RAPL PMU: hw unit of domain package 2^-0 Joules
Sep  1 16:09:58 pve kernel: [    3.280621] RAPL PMU: hw unit of domain dram 2^-0 Joules
Sep  1 16:09:58 pve kernel: [    3.280621] RAPL PMU: hw unit of domain pp1-gpu 2^-0 Joules
Sep  1 16:09:58 pve kernel: [    3.280622] RAPL PMU: hw unit of domain psys 2^-0 Joules
Sep  1 16:09:58 pve kernel: [    3.287369] AVX2 version of gcm_enc/dec engaged.
Sep  1 16:09:58 pve kernel: [    3.287370] AES CTR mode by8 optimization enabled
Sep  1 16:09:58 pve kernel: [    3.382768] Adding 917500k swap on /dev/mapper/pve-swap.  Priority:-2 extents:1 across:917500k FS
Sep  1 16:09:58 pve kernel: [    3.671693] snd_intel8x0 0000:00:05.0: white list rate for 1028:0177 is 48000
Sep  1 16:09:58 pve kernel: [    3.672720] [drm] VRAM 01400000
Sep  1 16:09:58 pve kernel: [    3.801194] [TTM] Zone  kernel: Available graphics memory: 2019846 kiB
Sep  1 16:09:58 pve kernel: [    3.801195] [TTM] Initializing pool allocator
Sep  1 16:09:58 pve kernel: [    3.801197] [TTM] Initializing DMA pool allocator
Sep  1 16:09:58 pve kernel: [    3.802394] fbcon: vboxdrmfb (fb0) is primary device
Sep  1 16:09:58 pve kernel: [    3.803925] Console: switching to colour frame buffer device 100x37
Sep  1 16:09:58 pve kernel: [    3.804511] vboxvideo 0000:00:02.0: fb0: vboxdrmfb frame buffer device
Sep  1 16:09:58 pve kernel: [    3.804746] [drm] Initialized vboxvideo 1.0.0 20130823 for 0000:00:02.0 on minor 0
Sep  1 16:09:58 pve kernel: [    4.885328] ZFS: Loaded module v0.7.8-1, ZFS pool version 5000, ZFS filesystem version 5
Sep  1 16:09:58 pve kernel: [    4.901117] random: crng init done
Sep  1 16:09:58 pve kernel: [    4.906530] device-mapper: thin: Data device (dm-3) discard unsupported: Disabling discard passdown.
Sep  1 16:09:58 pve kernel: [    5.021907] Netfilter messages via NETLINK v0.30.
Sep  1 16:09:58 pve kernel: [    5.457162] audit: type=1400 audit(1535836198.388:2): apparmor="STATUS" operation="profile_load" profile="unconfined" name="lxc-container-default" pid=609 comm="apparmor_parser"
Sep  1 16:09:58 pve kernel: [    5.457723] audit: type=1400 audit(1535836198.388:3): apparmor="STATUS" operation="profile_load" profile="unconfined" name="lxc-container-default-cgns" pid=609 comm="apparmor_parser"
Sep  1 16:09:58 pve kernel: [    5.458842] audit: type=1400 audit(1535836198.388:4): apparmor="STATUS" operation="profile_load" profile="unconfined" name="lxc-container-default-with-mounting" pid=609 comm="apparmor_parser"
Sep  1 16:09:58 pve kernel: [    5.459186] audit: type=1400 audit(1535836198.388:5): apparmor="STATUS" operation="profile_load" profile="unconfined" name="lxc-container-default-with-nesting" pid=609 comm="apparmor_parser"
Sep  1 16:09:58 pve kernel: [    5.470368] audit: type=1400 audit(1535836198.400:6): apparmor="STATUS" operation="profile_load" profile="unconfined" name="/usr/bin/lxc-start" pid=612 comm="apparmor_parser"
Sep  1 16:09:58 pve kernel: [    5.497123] new mount options do not match the existing superblock, will be ignored
Sep  1 16:09:58 pve kernel: [    5.497712] softdog: initialized. soft_noboot=0 soft_margin=60 sec soft_panic=0 (nowayout=0)
Sep  1 16:09:58 pve lvm[515]: Monitoring thin pool pve-data.
Sep  1 16:09:58 pve liblogging-stdlog:  [origin software="rsyslogd" swVersion="8.24.0" x-pid="618" x-info="http://www.rsyslog.com"] start
Sep  1 16:09:58 pve kernel: [    5.652692] vmbr0: port 1(enp0s3) entered blocking state
Sep  1 16:09:58 pve kernel: [    5.652693] vmbr0: port 1(enp0s3) entered disabled state
Sep  1 16:09:58 pve kernel: [    5.652784] device enp0s3 entered promiscuous mode
Sep  1 16:09:58 pve kernel: [    5.660424] e1000: enp0s3 NIC Link is Up 1000 Mbps Full Duplex, Flow Control: RX
Sep  1 16:09:58 pve kernel: [    5.661754] vmbr0: port 1(enp0s3) entered blocking state
Sep  1 16:09:58 pve kernel: [    5.661755] vmbr0: port 1(enp0s3) entered forwarding state
Sep  1 16:09:58 pve kernel: [    5.663968] IPv6: ADDRCONF(NETDEV_UP): vmbr0: link is not ready
Sep  1 16:09:58 pve kernel: [    5.839508] audit: type=1400 audit(1535836198.768:7): apparmor="STATUS" operation="profile_replace" info="same as current profile, skipping" profile="unconfined" name="/usr/bin/lxc-start" pid=805 comm="apparmor_parser"
Sep  1 16:09:58 pve kernel: [    5.870330] audit: type=1400 audit(1535836198.800:8): apparmor="STATUS" operation="profile_replace" profile="unconfined" name="lxc-container-default" pid=820 comm="apparmor_parser"
Sep  1 16:09:58 pve kernel: [    5.870333] audit: type=1400 audit(1535836198.800:9): apparmor="STATUS" operation="profile_replace" profile="unconfined" name="lxc-container-default-cgns" pid=820 comm="apparmor_parser"
Sep  1 16:09:58 pve kernel: [    5.870334] audit: type=1400 audit(1535836198.800:10): apparmor="STATUS" operation="profile_replace" profile="unconfined" name="lxc-container-default-with-mounting" pid=820 comm="apparmor_parser"
Sep  1 16:09:58 pve kernel: [    5.870336] audit: type=1400 audit(1535836198.800:11): apparmor="STATUS" operation="profile_replace" profile="unconfined" name="lxc-container-default-with-nesting" pid=820 comm="apparmor_parser"
Sep  1 16:09:59 pve kernel: [    6.656832] IPv6: ADDRCONF(NETDEV_CHANGE): vmbr0: link becomes ready
Sep  1 16:10:02 pve kernel: [    9.230766] ip6_tables: (C) 2000-2006 Netfilter Core Team
Sep  1 16:10:02 pve kernel: [    9.242556] ip_set: protocol 6
Sep  1 16:10:04 pve pve-guests[1293]: <root@pam> starting task UPID:pve:00000523:00000497:5B8B002C:startall::root@pam:
Sep  1 16:10:04 pve pve-guests[1293]: <root@pam> end task UPID:pve:00000523:00000497:5B8B002C:startall::root@pam: OK
Sep  1 16:11:39 pve kernel: [  106.158259] vmbr0: port 1(enp0s3) entered disabled state
Sep  1 16:11:39 pve kernel: [  106.234145] device enp0s3 left promiscuous mode
Sep  1 16:11:39 pve kernel: [  106.234167] vmbr0: port 1(enp0s3) entered disabled state
Sep  1 16:11:39 pve kernel: [  106.235233] IPv6: ADDRCONF(NETDEV_UP): enp0s3: link is not ready
Sep  1 16:11:39 pve kernel: [  106.285139] vmbr0: port 1(enp0s3) entered blocking state
Sep  1 16:11:39 pve kernel: [  106.285141] vmbr0: port 1(enp0s3) entered disabled state
Sep  1 16:11:39 pve kernel: [  106.285189] device enp0s3 entered promiscuous mode
Sep  1 16:11:39 pve kernel: [  106.291164] vmbr0: port 1(enp0s3) entered blocking state
Sep  1 16:11:39 pve kernel: [  106.291166] vmbr0: port 1(enp0s3) entered forwarding state
Sep  1 16:11:40 pve kernel: [  107.168936] vmbr0: port 1(enp0s3) entered disabled state
Sep  1 16:11:41 pve kernel: [  108.321333] e1000: enp0s3 NIC Link is Up 1000 Mbps Full Duplex, Flow Control: RX
Sep  1 16:11:41 pve kernel: [  108.321586] vmbr0: port 1(enp0s3) entered blocking state
Sep  1 16:11:41 pve kernel: [  108.321587] vmbr0: port 1(enp0s3) entered forwarding state
Sep  1 16:14:44 pve pvedaemon[1191]: <root@pam> successful auth for user 'root@pam'
Sep  1 16:20:40 pve kernel: [  644.701635] usb 1-1: new high-speed USB device number 2 using ehci-pci
Sep  1 16:20:41 pve kernel: [  645.146428] usb 1-1: New USB device found, idVendor=154b, idProduct=007e
Sep  1 16:20:41 pve kernel: [  645.146429] usb 1-1: New USB device strings: Mfr=1, Product=2, SerialNumber=3
Sep  1 16:20:41 pve kernel: [  645.146430] usb 1-1: Product: USB 2.0 FD
Sep  1 16:20:41 pve kernel: [  645.146431] usb 1-1: Manufacturer: PNY
Sep  1 16:20:41 pve kernel: [  645.146432] usb 1-1: SerialNumber: DCEB86BE
Sep  1 16:20:41 pve kernel: [  645.153440] usb-storage 1-1:1.0: USB Mass Storage device detected
Sep  1 16:20:41 pve kernel: [  645.153856] scsi host3: usb-storage 1-1:1.0
Sep  1 16:20:41 pve kernel: [  645.153896] usbcore: registered new interface driver usb-storage
Sep  1 16:20:41 pve kernel: [  645.154373] usbcore: registered new interface driver uas
Sep  1 16:20:42 pve kernel: [  646.173784] scsi 3:0:0:0: Direct-Access     PNY      USB 2.0 FD       8.07 PQ: 0 ANSI: 4
Sep  1 16:20:42 pve kernel: [  646.173957] sd 3:0:0:0: Attached scsi generic sg2 type 0
Sep  1 16:20:42 pve kernel: [  646.198085] sd 3:0:0:0: [sdb] 250060800 512-byte logical blocks: (128 GB/119 GiB)
Sep  1 16:20:42 pve kernel: [  646.208802] sd 3:0:0:0: [sdb] Write Protect is off
Sep  1 16:20:42 pve kernel: [  646.214869] sd 3:0:0:0: [sdb] Write cache: disabled, read cache: enabled, doesn't support DPO or FUA
Sep  1 16:20:42 pve kernel: [  646.463334]  sdb: sdb1 sdb2 sdb3 sdb4 sdb5
Sep  1 16:20:42 pve kernel: [  646.525346] sd 3:0:0:0: [sdb] Attached SCSI removable disk
Sep  1 16:29:34 pve pvedaemon[1191]: <root@pam> successful auth for user 'root@pam'
Sep  1 16:44:34 pve pvedaemon[1190]: <root@pam> successful auth for user 'root@pam'
Sep  1 16:49:20 pve kernel: [ 2364.011140] EXT4-fs (dm-1): resizing filesystem from 458752 to 688128 blocks
Sep  1 16:49:20 pve kernel: [ 2364.011812] EXT4-fs (dm-1): resized filesystem to 688128
Sep  1 16:53:27 pve pve-guests[10255]: <root@pam> starting task UPID:pve:0000281A:0003FC36:5B8B0A57:stopall::root@pam:
Sep  1 16:53:27 pve pve-guests[10255]: <root@pam> end task UPID:pve:0000281A:0003FC36:5B8B0A57:stopall::root@pam: OK
Sep  1 16:53:55 pve kernel: [    0.000000] Linux version 4.15.17-1-pve (root@nora) (gcc version 6.3.0 20170516 (Debian 6.3.0-18+deb9u1)) #1 SMP PVE 4.15.17-9 (Wed, 9 May 2018 13:31:43 +0200) ()
Sep  1 16:53:55 pve kernel: [    0.000000] Command line: BOOT_IMAGE=/boot/vmlinuz-4.15.17-1-pve root=/dev/mapper/pve-root ro quiet
Sep  1 16:53:55 pve kernel: [    0.000000] KERNEL supported cpus:
Sep  1 16:53:55 pve kernel: [    0.000000]   Intel GenuineIntel
Sep  1 16:53:55 pve kernel: [    0.000000]   AMD AuthenticAMD
Sep  1 16:53:55 pve kernel: [    0.000000]   Centaur CentaurHauls
Sep  1 16:53:55 pve kernel: [    0.000000] x86/fpu: Supporting XSAVE feature 0x001: 'x87 floating point registers'
Sep  1 16:53:55 pve kernel: [    0.000000] x86/fpu: Supporting XSAVE feature 0x002: 'SSE registers'
Sep  1 16:53:55 pve kernel: [    0.000000] x86/fpu: Supporting XSAVE feature 0x004: 'AVX registers'
Sep  1 16:53:55 pve kernel: [    0.000000] x86/fpu: xstate_offset[2]:  576, xstate_sizes[2]:  256
Sep  1 16:53:55 pve kernel: [    0.000000] x86/fpu: Enabled xstate features 0x7, context size is 832 bytes, using 'standard' format.
Sep  1 16:53:55 pve kernel: [    0.000000] e820: BIOS-provided physical RAM map:
Sep  1 16:53:55 pve kernel: [    0.000000] BIOS-e820: [mem 0x0000000000000000-0x000000000009fbff] usable
Sep  1 16:53:55 pve kernel: [    0.000000] BIOS-e820: [mem 0x000000000009fc00-0x000000000009ffff] reserved
Sep  1 16:53:55 pve kernel: [    0.000000] BIOS-e820: [mem 0x00000000000f0000-0x00000000000fffff] reserved
Sep  1 16:53:55 pve kernel: [    0.000000] BIOS-e820: [mem 0x0000000000100000-0x00000000dffeffff] usable
Sep  1 16:53:55 pve kernel: [    0.000000] BIOS-e820: [mem 0x00000000dfff0000-0x00000000dfffffff] ACPI data
Sep  1 16:53:55 pve kernel: [    0.000000] BIOS-e820: [mem 0x00000000fec00000-0x00000000fec00fff] reserved
Sep  1 16:53:55 pve kernel: [    0.000000] BIOS-e820: [mem 0x00000000fee00000-0x00000000fee00fff] reserved
Sep  1 16:53:55 pve kernel: [    0.000000] BIOS-e820: [mem 0x00000000fffc0000-0x00000000ffffffff] reserved
Sep  1 16:53:55 pve kernel: [    0.000000] BIOS-e820: [mem 0x0000000100000000-0x000000011fffffff] usable
Sep  1 16:53:55 pve kernel: [    0.000000] NX (Execute Disable) protection: active
Sep  1 16:53:55 pve kernel: [    0.000000] random: fast init done
Sep  1 16:53:55 pve kernel: [    0.000000] SMBIOS 2.5 present.
Sep  1 16:53:55 pve kernel: [    0.000000] DMI: innotek GmbH VirtualBox/VirtualBox, BIOS VirtualBox 12/01/2006
Sep  1 16:53:55 pve kernel: [    0.000000] Hypervisor detected: KVM
Sep  1 16:53:55 pve kernel: [    0.000000] e820: last_pfn = 0x120000 max_arch_pfn = 0x400000000
Sep  1 16:53:55 pve kernel: [    0.000000] MTRR: Disabled
Sep  1 16:53:55 pve kernel: [    0.000000] x86/PAT: MTRRs disabled, skipping PAT initialization too.
Sep  1 16:53:55 pve kernel: [    0.000000] CPU MTRRs all blank - virtualized system.
Sep  1 16:53:55 pve kernel: [    0.000000] x86/PAT: Configuration [0-7]: WB  WT  UC- UC  WB  WT  UC- UC  
Sep  1 16:53:55 pve kernel: [    0.000000] e820: last_pfn = 0xdfff0 max_arch_pfn = 0x400000000
Sep  1 16:53:55 pve kernel: [    0.000000] found SMP MP-table at [mem 0x0009fff0-0x0009ffff] mapped at [        (ptrval)]
Sep  1 16:53:55 pve kernel: [    0.000000] Scanning 1 areas for low memory corruption
Sep  1 16:53:55 pve kernel: [    0.000000] RAMDISK: [mem 0x3370f000-0x35b7efff]
Sep  1 16:53:55 pve kernel: [    0.000000] ACPI: Early table checksum verification disabled
Sep  1 16:53:55 pve kernel: [    0.000000] ACPI: RSDP 0x00000000000E0000 000024 (v02 VBOX  )
Sep  1 16:53:55 pve kernel: [    0.000000] ACPI: XSDT 0x00000000DFFF0030 00003C (v01 VBOX   VBOXXSDT 00000001 ASL  00000061)
Sep  1 16:53:55 pve kernel: [    0.000000] ACPI: FACP 0x00000000DFFF00F0 0000F4 (v04 VBOX   VBOXFACP 00000001 ASL  00000061)
Sep  1 16:53:55 pve kernel: [    0.000000] ACPI: DSDT 0x00000000DFFF0470 0021FF (v02 VBOX   VBOXBIOS 00000002 INTL 20100528)
Sep  1 16:53:55 pve kernel: [    0.000000] ACPI: FACS 0x00000000DFFF0200 000040
Sep  1 16:53:55 pve kernel: [    0.000000] ACPI: FACS 0x00000000DFFF0200 000040
Sep  1 16:53:55 pve kernel: [    0.000000] ACPI: APIC 0x00000000DFFF0240 000054 (v02 VBOX   VBOXAPIC 00000001 ASL  00000061)
Sep  1 16:53:55 pve kernel: [    0.000000] ACPI: SSDT 0x00000000DFFF02A0 0001CC (v01 VBOX   VBOXCPUT 00000002 INTL 20100528)
Sep  1 16:53:55 pve kernel: [    0.000000] No NUMA configuration found
Sep  1 16:53:55 pve kernel: [    0.000000] Faking a node at [mem 0x0000000000000000-0x000000011fffffff]
Sep  1 16:53:55 pve kernel: [    0.000000] NODE_DATA(0) allocated [mem 0x11ffd5000-0x11fffffff]
Sep  1 16:53:55 pve kernel: [    0.000000] kvm-clock: cpu 0, msr 1:1ff54001, primary cpu clock
Sep  1 16:53:55 pve kernel: [    0.000000] kvm-clock: Using msrs 4b564d01 and 4b564d00
Sep  1 16:53:55 pve kernel: [    0.000000] kvm-clock: using sched offset of 2650460870078 cycles
Sep  1 16:53:55 pve kernel: [    0.000000] clocksource: kvm-clock: mask: 0xffffffffffffffff max_cycles: 0x1cd42e4dffb, max_idle_ns: 881590591483 ns
Sep  1 16:53:55 pve kernel: [    0.000000] Zone ranges:
Sep  1 16:53:55 pve kernel: [    0.000000]   DMA      [mem 0x0000000000001000-0x0000000000ffffff]
Sep  1 16:53:55 pve kernel: [    0.000000]   DMA32    [mem 0x0000000001000000-0x00000000ffffffff]
Sep  1 16:53:55 pve kernel: [    0.000000]   Normal   [mem 0x0000000100000000-0x000000011fffffff]
Sep  1 16:53:55 pve kernel: [    0.000000]   Device   empty
Sep  1 16:53:55 pve kernel: [    0.000000] Movable zone start for each node
Sep  1 16:53:55 pve kernel: [    0.000000] Early memory node ranges
Sep  1 16:53:55 pve kernel: [    0.000000]   node   0: [mem 0x0000000000001000-0x000000000009efff]
Sep  1 16:53:55 pve kernel: [    0.000000]   node   0: [mem 0x0000000000100000-0x00000000dffeffff]
Sep  1 16:53:55 pve kernel: [    0.000000]   node   0: [mem 0x0000000100000000-0x000000011fffffff]
Sep  1 16:53:55 pve kernel: [    0.000000] Initmem setup node 0 [mem 0x0000000000001000-0x000000011fffffff]
Sep  1 16:53:55 pve kernel: [    0.000000] Reserved but unavailable: 98 pages
Sep  1 16:53:55 pve kernel: [    0.000000] ACPI: PM-Timer IO Port: 0x4008
Sep  1 16:53:55 pve kernel: [    0.000000] IOAPIC[0]: apic_id 1, version 32, address 0xfec00000, GSI 0-23
Sep  1 16:53:55 pve kernel: [    0.000000] ACPI: INT_SRC_OVR (bus 0 bus_irq 0 global_irq 2 dfl dfl)
Sep  1 16:53:55 pve kernel: [    0.000000] ACPI: INT_SRC_OVR (bus 0 bus_irq 9 global_irq 9 low level)
Sep  1 16:53:55 pve kernel: [    0.000000] Using ACPI (MADT) for SMP configuration information
Sep  1 16:53:55 pve kernel: [    0.000000] smpboot: Allowing 1 CPUs, 0 hotplug CPUs
Sep  1 16:53:55 pve kernel: [    0.000000] PM: Registered nosave memory: [mem 0x00000000-0x00000fff]
Sep  1 16:53:55 pve kernel: [    0.000000] PM: Registered nosave memory: [mem 0x0009f000-0x0009ffff]
Sep  1 16:53:55 pve kernel: [    0.000000] PM: Registered nosave memory: [mem 0x000a0000-0x000effff]
Sep  1 16:53:55 pve kernel: [    0.000000] PM: Registered nosave memory: [mem 0x000f0000-0x000fffff]
Sep  1 16:53:55 pve kernel: [    0.000000] PM: Registered nosave memory: [mem 0xdfff0000-0xdfffffff]
Sep  1 16:53:55 pve kernel: [    0.000000] PM: Registered nosave memory: [mem 0xe0000000-0xfebfffff]
Sep  1 16:53:55 pve kernel: [    0.000000] PM: Registered nosave memory: [mem 0xfec00000-0xfec00fff]
Sep  1 16:53:55 pve kernel: [    0.000000] PM: Registered nosave memory: [mem 0xfec01000-0xfedfffff]
Sep  1 16:53:55 pve kernel: [    0.000000] PM: Registered nosave memory: [mem 0xfee00000-0xfee00fff]
Sep  1 16:53:55 pve kernel: [    0.000000] PM: Registered nosave memory: [mem 0xfee01000-0xfffbffff]
Sep  1 16:53:55 pve kernel: [    0.000000] PM: Registered nosave memory: [mem 0xfffc0000-0xffffffff]
Sep  1 16:53:55 pve kernel: [    0.000000] e820: [mem 0xe0000000-0xfebfffff] available for PCI devices
Sep  1 16:53:55 pve kernel: [    0.000000] Booting paravirtualized kernel on KVM
Sep  1 16:53:55 pve kernel: [    0.000000] clocksource: refined-jiffies: mask: 0xffffffff max_cycles: 0xffffffff, max_idle_ns: 7645519600211568 ns
Sep  1 16:53:55 pve kernel: [    0.000000] setup_percpu: NR_CPUS:8192 nr_cpumask_bits:1 nr_cpu_ids:1 nr_node_ids:1
Sep  1 16:53:55 pve kernel: [    0.000000] percpu: Embedded 46 pages/cpu @        (ptrval) s151552 r8192 d28672 u2097152
Sep  1 16:53:55 pve kernel: [    0.000000] PV qspinlock hash table entries: 256 (order: 0, 4096 bytes)
Sep  1 16:53:55 pve kernel: [    0.000000] Built 1 zonelists, mobility grouping on.  Total pages: 1032057
Sep  1 16:53:55 pve kernel: [    0.000000] Policy zone: Normal
Sep  1 16:53:55 pve kernel: [    0.000000] Kernel command line: BOOT_IMAGE=/boot/vmlinuz-4.15.17-1-pve root=/dev/mapper/pve-root ro quiet
Sep  1 16:53:55 pve kernel: [    0.000000] Memory: 3996068K/4193848K available (12300K kernel code, 2478K rwdata, 4272K rodata, 2412K init, 2416K bss, 197780K reserved, 0K cma-reserved)
Sep  1 16:53:55 pve kernel: [    0.000000] SLUB: HWalign=64, Order=0-3, MinObjects=0, CPUs=1, Nodes=1
Sep  1 16:53:55 pve kernel: [    0.000000] Kernel/User page tables isolation: enabled
Sep  1 16:53:55 pve kernel: [    0.000000] ftrace: allocating 39626 entries in 155 pages
Sep  1 16:53:55 pve kernel: [    0.004000] Hierarchical RCU implementation.
Sep  1 16:53:55 pve kernel: [    0.004000] 	RCU restricting CPUs from NR_CPUS=8192 to nr_cpu_ids=1.
Sep  1 16:53:55 pve kernel: [    0.004000] 	Tasks RCU enabled.
Sep  1 16:53:55 pve kernel: [    0.004000] RCU: Adjusting geometry for rcu_fanout_leaf=16, nr_cpu_ids=1
Sep  1 16:53:55 pve kernel: [    0.004000] NR_IRQS: 524544, nr_irqs: 256, preallocated irqs: 16
Sep  1 16:53:55 pve kernel: [    0.004000] Console: colour VGA+ 80x25
Sep  1 16:53:55 pve kernel: [    0.004000] console [tty0] enabled
Sep  1 16:53:55 pve kernel: [    0.004000] ACPI: Core revision 20170831
Sep  1 16:53:55 pve kernel: [    0.004000] ACPI: 2 ACPI AML tables successfully acquired and loaded
Sep  1 16:53:55 pve kernel: [    0.004000] APIC: Switch to symmetric I/O mode setup
Sep  1 16:53:55 pve kernel: [    0.004000] x2apic enabled
Sep  1 16:53:55 pve kernel: [    0.004000] Switched APIC routing to physical x2apic.
Sep  1 16:53:55 pve kernel: [    0.004000] ..TIMER: vector=0x30 apic1=0 pin1=2 apic2=-1 pin2=-1
Sep  1 16:53:55 pve kernel: [    0.004000] tsc: Detected 4008.004 MHz processor
Sep  1 16:53:55 pve kernel: [    0.004000] Calibrating delay loop (skipped) preset value.. 8016.00 BogoMIPS (lpj=16032016)
Sep  1 16:53:55 pve kernel: [    0.004000] pid_max: default: 32768 minimum: 301
Sep  1 16:53:55 pve kernel: [    0.004000] Security Framework initialized
Sep  1 16:53:55 pve kernel: [    0.004000] Yama: becoming mindful.
Sep  1 16:53:55 pve kernel: [    0.004000] AppArmor: AppArmor initialized
Sep  1 16:53:55 pve kernel: [    0.004000] Dentry cache hash table entries: 524288 (order: 10, 4194304 bytes)
Sep  1 16:53:55 pve kernel: [    0.004000] Inode-cache hash table entries: 262144 (order: 9, 2097152 bytes)
Sep  1 16:53:55 pve kernel: [    0.004000] Mount-cache hash table entries: 8192 (order: 4, 65536 bytes)
Sep  1 16:53:55 pve kernel: [    0.004000] Mountpoint-cache hash table entries: 8192 (order: 4, 65536 bytes)
Sep  1 16:53:55 pve kernel: [    0.004000] CPU: Physical Processor ID: 0
Sep  1 16:53:55 pve kernel: [    0.004000] mce: CPU supports 0 MCE banks
Sep  1 16:53:55 pve kernel: [    0.004000] process: using mwait in idle threads
Sep  1 16:53:55 pve kernel: [    0.004000] Last level iTLB entries: 4KB 64, 2MB 8, 4MB 8
Sep  1 16:53:55 pve kernel: [    0.004000] Last level dTLB entries: 4KB 64, 2MB 0, 4MB 0, 1GB 4
Sep  1 16:53:55 pve kernel: [    0.004000] Spectre V2 : Mitigation: Full generic retpoline
Sep  1 16:53:55 pve kernel: [    0.004000] Spectre V2 : Spectre v2 mitigation: Filling RSB on context switch
Sep  1 16:53:55 pve kernel: [    0.010602] Freeing SMP alternatives memory: 36K
Sep  1 16:53:55 pve kernel: [    0.012000] smpboot: CPU0: Intel(R) Core(TM) i7-6700K CPU @ 4.00GHz (family: 0x6, model: 0x5e, stepping: 0x3)
Sep  1 16:53:55 pve kernel: [    0.012000] Performance Events: unsupported p6 CPU model 94 no PMU driver, software events only.
Sep  1 16:53:55 pve kernel: [    0.012000] Hierarchical SRCU implementation.
Sep  1 16:53:55 pve kernel: [    0.012000] NMI watchdog: Perf event create on CPU 0 failed with -2
Sep  1 16:53:55 pve kernel: [    0.012000] NMI watchdog: Perf NMI watchdog permanently disabled
Sep  1 16:53:55 pve kernel: [    0.012000] smp: Bringing up secondary CPUs ...
Sep  1 16:53:55 pve kernel: [    0.012000] smp: Brought up 1 node, 1 CPU
Sep  1 16:53:55 pve kernel: [    0.012000] smpboot: Max logical packages: 1
Sep  1 16:53:55 pve kernel: [    0.012000] smpboot: Total of 1 processors activated (8016.00 BogoMIPS)
Sep  1 16:53:55 pve kernel: [    0.012000] devtmpfs: initialized
Sep  1 16:53:55 pve kernel: [    0.012000] x86/mm: Memory block size: 128MB
Sep  1 16:53:55 pve kernel: [    0.012000] evm: security.selinux
Sep  1 16:53:55 pve kernel: [    0.012000] evm: security.SMACK64
Sep  1 16:53:55 pve kernel: [    0.012000] evm: security.SMACK64EXEC
Sep  1 16:53:55 pve kernel: [    0.012000] evm: security.SMACK64TRANSMUTE
Sep  1 16:53:55 pve kernel: [    0.012000] evm: security.SMACK64MMAP
Sep  1 16:53:55 pve kernel: [    0.012000] evm: security.apparmor
Sep  1 16:53:55 pve kernel: [    0.012000] evm: security.ima
Sep  1 16:53:55 pve kernel: [    0.012000] evm: security.capability
Sep  1 16:53:55 pve kernel: [    0.012000] clocksource: jiffies: mask: 0xffffffff max_cycles: 0xffffffff, max_idle_ns: 7645041785100000 ns
Sep  1 16:53:55 pve kernel: [    0.012000] futex hash table entries: 256 (order: 2, 16384 bytes)
Sep  1 16:53:55 pve kernel: [    0.012000] pinctrl core: initialized pinctrl subsystem
Sep  1 16:53:55 pve kernel: [    0.012000] RTC time: 21:53:45, date: 09/01/18
Sep  1 16:53:55 pve kernel: [    0.012000] NET: Registered protocol family 16
Sep  1 16:53:55 pve kernel: [    0.012000] audit: initializing netlink subsys (disabled)
Sep  1 16:53:55 pve kernel: [    0.012000] cpuidle: using governor ladder
Sep  1 16:53:55 pve kernel: [    0.012000] cpuidle: using governor menu
Sep  1 16:53:55 pve kernel: [    0.012000] ACPI: bus type PCI registered
Sep  1 16:53:55 pve kernel: [    0.012000] acpiphp: ACPI Hot Plug PCI Controller Driver version: 0.5
Sep  1 16:53:55 pve kernel: [    0.012000] PCI: Using configuration type 1 for base access
Sep  1 16:53:55 pve kernel: [    0.012000] audit: type=2000 audit(1535841473.677:1): state=initialized audit_enabled=0 res=1
Sep  1 16:53:55 pve kernel: [    0.012000] HugeTLB registered 2.00 MiB page size, pre-allocated 0 pages
Sep  1 16:53:55 pve kernel: [    0.012000] ACPI: Added _OSI(Module Device)
Sep  1 16:53:55 pve kernel: [    0.012000] ACPI: Added _OSI(Processor Device)
Sep  1 16:53:55 pve kernel: [    0.012000] ACPI: Added _OSI(3.0 _SCP Extensions)
Sep  1 16:53:55 pve kernel: [    0.012000] ACPI: Added _OSI(Processor Aggregator Device)
Sep  1 16:53:55 pve kernel: [    0.012000] ACPI: Executed 1 blocks of module-level executable AML code
Sep  1 16:53:55 pve kernel: [    0.012612] ACPI: Interpreter enabled
Sep  1 16:53:55 pve kernel: [    0.012619] ACPI: (supports S0 S5)
Sep  1 16:53:55 pve kernel: [    0.012620] ACPI: Using IOAPIC for interrupt routing
Sep  1 16:53:55 pve kernel: [    0.012777] PCI: Using host bridge windows from ACPI; if necessary, use "pci=nocrs" and report a bug
Sep  1 16:53:55 pve kernel: [    0.012879] ACPI: Enabled 2 GPEs in block 00 to 07
Sep  1 16:53:55 pve kernel: [    0.016836] ACPI: PCI Root Bridge [PCI0] (domain 0000 [bus 00-ff])
Sep  1 16:53:55 pve kernel: [    0.016839] acpi PNP0A03:00: _OSC: OS supports [ASPM ClockPM Segments MSI]
Sep  1 16:53:55 pve kernel: [    0.016854] acpi PNP0A03:00: _OSC: not requesting OS control; OS requires [ExtendedConfig ASPM ClockPM MSI]
Sep  1 16:53:55 pve kernel: [    0.016860] acpi PNP0A03:00: fail to add MMCONFIG information, can't access extended PCI configuration space under this bridge.
Sep  1 16:53:55 pve kernel: [    0.017084] PCI host bridge to bus 0000:00
Sep  1 16:53:55 pve kernel: [    0.017085] pci_bus 0000:00: root bus resource [io  0x0000-0x0cf7 window]
Sep  1 16:53:55 pve kernel: [    0.017086] pci_bus 0000:00: root bus resource [io  0x0d00-0xffff window]
Sep  1 16:53:55 pve kernel: [    0.017087] pci_bus 0000:00: root bus resource [mem 0x000a0000-0x000bffff window]
Sep  1 16:53:55 pve kernel: [    0.017088] pci_bus 0000:00: root bus resource [mem 0xe0000000-0xfdffffff window]
Sep  1 16:53:55 pve kernel: [    0.017089] pci_bus 0000:00: root bus resource [bus 00-ff]
Sep  1 16:53:55 pve kernel: [    0.018336] pci 0000:00:01.1: legacy IDE quirk: reg 0x10: [io  0x01f0-0x01f7]
Sep  1 16:53:55 pve kernel: [    0.018337] pci 0000:00:01.1: legacy IDE quirk: reg 0x14: [io  0x03f6]
Sep  1 16:53:55 pve kernel: [    0.018338] pci 0000:00:01.1: legacy IDE quirk: reg 0x18: [io  0x0170-0x0177]
Sep  1 16:53:55 pve kernel: [    0.018338] pci 0000:00:01.1: legacy IDE quirk: reg 0x1c: [io  0x0376]
Sep  1 16:53:55 pve kernel: [    0.056546] pci 0000:00:07.0: quirk: [io  0x4000-0x403f] claimed by PIIX4 ACPI
Sep  1 16:53:55 pve kernel: [    0.056553] pci 0000:00:07.0: quirk: [io  0x4100-0x410f] claimed by PIIX4 SMB
Sep  1 16:53:55 pve kernel: [    0.076792] ACPI: PCI Interrupt Link [LNKA] (IRQs 5 9 10 *11)
Sep  1 16:53:55 pve kernel: [    0.077003] ACPI: PCI Interrupt Link [LNKB] (IRQs 5 9 *10 11)
Sep  1 16:53:55 pve kernel: [    0.077078] ACPI: PCI Interrupt Link [LNKC] (IRQs 5 *9 10 11)
Sep  1 16:53:55 pve kernel: [    0.077152] ACPI: PCI Interrupt Link [LNKD] (IRQs 5 9 10 *11)
Sep  1 16:53:55 pve kernel: [    0.077345] SCSI subsystem initialized
Sep  1 16:53:55 pve kernel: [    0.077399] pci 0000:00:02.0: vgaarb: setting as boot VGA device
Sep  1 16:53:55 pve kernel: [    0.077400] pci 0000:00:02.0: vgaarb: VGA device added: decodes=io+mem,owns=io+mem,locks=none
Sep  1 16:53:55 pve kernel: [    0.077402] pci 0000:00:02.0: vgaarb: bridge control possible
Sep  1 16:53:55 pve kernel: [    0.077403] vgaarb: loaded
Sep  1 16:53:55 pve kernel: [    0.077416] ACPI: bus type USB registered
Sep  1 16:53:55 pve kernel: [    0.077424] usbcore: registered new interface driver usbfs
Sep  1 16:53:55 pve kernel: [    0.077429] usbcore: registered new interface driver hub
Sep  1 16:53:55 pve kernel: [    0.077434] usbcore: registered new device driver usb
Sep  1 16:53:55 pve kernel: [    0.077460] EDAC MC: Ver: 3.0.0
Sep  1 16:53:55 pve kernel: [    0.077647] PCI: Using ACPI for IRQ routing
Sep  1 16:53:55 pve kernel: [    0.077828] NetLabel: Initializing
Sep  1 16:53:55 pve kernel: [    0.077829] NetLabel:  domain hash size = 128
Sep  1 16:53:55 pve kernel: [    0.077829] NetLabel:  protocols = UNLABELED CIPSOv4 CALIPSO
Sep  1 16:53:55 pve kernel: [    0.077842] NetLabel:  unlabeled traffic allowed by default
Sep  1 16:53:55 pve kernel: [    0.077895] clocksource: Switched to clocksource kvm-clock
Sep  1 16:53:55 pve kernel: [    0.081954] VFS: Disk quotas dquot_6.6.0
Sep  1 16:53:55 pve kernel: [    0.081961] VFS: Dquot-cache hash table entries: 512 (order 0, 4096 bytes)
Sep  1 16:53:55 pve kernel: [    0.082014] AppArmor: AppArmor Filesystem Enabled
Sep  1 16:53:55 pve kernel: [    0.082024] pnp: PnP ACPI init
Sep  1 16:53:55 pve kernel: [    0.082602] pnp: PnP ACPI: found 2 devices
Sep  1 16:53:55 pve kernel: [    0.087680] clocksource: acpi_pm: mask: 0xffffff max_cycles: 0xffffff, max_idle_ns: 2085701024 ns
Sep  1 16:53:55 pve kernel: [    0.087743] NET: Registered protocol family 2
Sep  1 16:53:55 pve kernel: [    0.087908] TCP established hash table entries: 32768 (order: 6, 262144 bytes)
Sep  1 16:53:55 pve kernel: [    0.087951] TCP bind hash table entries: 32768 (order: 7, 524288 bytes)
Sep  1 16:53:55 pve kernel: [    0.088016] TCP: Hash tables configured (established 32768 bind 32768)
Sep  1 16:53:55 pve kernel: [    0.088044] UDP hash table entries: 2048 (order: 4, 65536 bytes)
Sep  1 16:53:55 pve kernel: [    0.088051] UDP-Lite hash table entries: 2048 (order: 4, 65536 bytes)
Sep  1 16:53:55 pve kernel: [    0.088086] NET: Registered protocol family 1
Sep  1 16:53:55 pve kernel: [    0.088090] pci 0000:00:00.0: Limiting direct PCI/PCI transfers
Sep  1 16:53:55 pve kernel: [    0.088110] pci 0000:00:01.0: Activating ISA DMA hang workarounds
Sep  1 16:53:55 pve kernel: [    0.088150] pci 0000:00:02.0: Video device with shadowed ROM at [mem 0x000c0000-0x000dffff]
Sep  1 16:53:55 pve kernel: [    0.090505] Unpacking initramfs...
Sep  1 16:53:55 pve kernel: [    0.453113] Freeing initrd memory: 37312K
Sep  1 16:53:55 pve kernel: [    0.453145] PCI-DMA: Using software bounce buffering for IO (SWIOTLB)
Sep  1 16:53:55 pve kernel: [    0.453146] software IO TLB [mem 0xdbff0000-0xdfff0000] (64MB) mapped at [000000006ccc5f80-0000000028b3bc1d]
Sep  1 16:53:55 pve kernel: [    0.453206] platform rtc_cmos: registered platform RTC device (no PNP device found)
Sep  1 16:53:55 pve kernel: [    0.453219] Scanning for low memory corruption every 60 seconds
Sep  1 16:53:55 pve kernel: [    0.453531] Initialise system trusted keyrings
Sep  1 16:53:55 pve kernel: [    0.453536] Key type blacklist registered
Sep  1 16:53:55 pve kernel: [    0.453560] workingset: timestamp_bits=36 max_order=20 bucket_order=0
Sep  1 16:53:55 pve kernel: [    0.454179] zbud: loaded
Sep  1 16:53:55 pve kernel: [    0.454477] squashfs: version 4.0 (2009/01/31) Phillip Lougher
Sep  1 16:53:55 pve kernel: [    0.454537] fuse init (API version 7.26)
Sep  1 16:53:55 pve kernel: [    0.454977] Key type asymmetric registered
Sep  1 16:53:55 pve kernel: [    0.454977] Asymmetric key parser 'x509' registered
Sep  1 16:53:55 pve kernel: [    0.454993] Block layer SCSI generic (bsg) driver version 0.4 loaded (major 246)
Sep  1 16:53:55 pve kernel: [    0.455006] io scheduler noop registered
Sep  1 16:53:55 pve kernel: [    0.455006] io scheduler deadline registered (default)
Sep  1 16:53:55 pve kernel: [    0.455029] io scheduler cfq registered
Sep  1 16:53:55 pve kernel: [    0.455184] ACPI: AC Adapter [AC] (on-line)
Sep  1 16:53:55 pve kernel: [    0.455211] input: Power Button as /devices/LNXSYSTM:00/LNXPWRBN:00/input/input0
Sep  1 16:53:55 pve kernel: [    0.455220] ACPI: Power Button [PWRF]
Sep  1 16:53:55 pve kernel: [    0.455264] input: Sleep Button as /devices/LNXSYSTM:00/LNXSLPBN:00/input/input1
Sep  1 16:53:55 pve kernel: [    0.455267] ACPI: Sleep Button [SLPF]
Sep  1 16:53:55 pve kernel: [    0.455386] Serial: 8250/16550 driver, 32 ports, IRQ sharing enabled
Sep  1 16:53:55 pve kernel: [    0.456191] Linux agpgart interface v0.103
Sep  1 16:53:55 pve kernel: [    0.456767] loop: module loaded
Sep  1 16:53:55 pve kernel: [    0.457076] scsi host0: ata_piix
Sep  1 16:53:55 pve kernel: [    0.457107] scsi host1: ata_piix
Sep  1 16:53:55 pve kernel: [    0.457121] ata1: PATA max UDMA/33 cmd 0x1f0 ctl 0x3f6 bmdma 0xd000 irq 14
Sep  1 16:53:55 pve kernel: [    0.457122] ata2: PATA max UDMA/33 cmd 0x170 ctl 0x376 bmdma 0xd008 irq 15
Sep  1 16:53:55 pve kernel: [    0.457158] libphy: Fixed MDIO Bus: probed
Sep  1 16:53:55 pve kernel: [    0.457159] tun: Universal TUN/TAP device driver, 1.6
Sep  1 16:53:55 pve kernel: [    0.457368] PPP generic driver version 2.4.2
Sep  1 16:53:55 pve kernel: [    0.457388] ehci_hcd: USB 2.0 'Enhanced' Host Controller (EHCI) Driver
Sep  1 16:53:55 pve kernel: [    0.457389] ehci-pci: EHCI PCI platform driver
Sep  1 16:53:55 pve kernel: [    0.457826] ehci-pci 0000:00:0b.0: EHCI Host Controller
Sep  1 16:53:55 pve kernel: [    0.457830] ehci-pci 0000:00:0b.0: new USB bus registered, assigned bus number 1
Sep  1 16:53:55 pve kernel: [    0.458197] ehci-pci 0000:00:0b.0: irq 19, io mem 0xf0805000
Sep  1 16:53:55 pve kernel: [    0.472026] ehci-pci 0000:00:0b.0: USB 2.0 started, EHCI 1.00
Sep  1 16:53:55 pve kernel: [    0.472122] usb usb1: New USB device found, idVendor=1d6b, idProduct=0002
Sep  1 16:53:55 pve kernel: [    0.472123] usb usb1: New USB device strings: Mfr=3, Product=2, SerialNumber=1
Sep  1 16:53:55 pve kernel: [    0.472124] usb usb1: Product: EHCI Host Controller
Sep  1 16:53:55 pve kernel: [    0.472125] usb usb1: Manufacturer: Linux 4.15.17-1-pve ehci_hcd
Sep  1 16:53:55 pve kernel: [    0.472126] usb usb1: SerialNumber: 0000:00:0b.0
Sep  1 16:53:55 pve kernel: [    0.472191] hub 1-0:1.0: USB hub found
Sep  1 16:53:55 pve kernel: [    0.472194] hub 1-0:1.0: 12 ports detected
Sep  1 16:53:55 pve kernel: [    0.472326] ehci-platform: EHCI generic platform driver
Sep  1 16:53:55 pve kernel: [    0.472333] ohci_hcd: USB 1.1 'Open' Host Controller (OHCI) Driver
Sep  1 16:53:55 pve kernel: [    0.472335] ohci-pci: OHCI PCI platform driver
Sep  1 16:53:55 pve kernel: [    0.472823] ohci-pci 0000:00:06.0: OHCI PCI host controller
Sep  1 16:53:55 pve kernel: [    0.472829] ohci-pci 0000:00:06.0: new USB bus registered, assigned bus number 2
Sep  1 16:53:55 pve kernel: [    0.472875] ohci-pci 0000:00:06.0: irq 22, io mem 0xf0804000
Sep  1 16:53:55 pve kernel: [    0.532506] usb usb2: New USB device found, idVendor=1d6b, idProduct=0001
Sep  1 16:53:55 pve kernel: [    0.532508] usb usb2: New USB device strings: Mfr=3, Product=2, SerialNumber=1
Sep  1 16:53:55 pve kernel: [    0.532509] usb usb2: Product: OHCI PCI host controller
Sep  1 16:53:55 pve kernel: [    0.532510] usb usb2: Manufacturer: Linux 4.15.17-1-pve ohci_hcd
Sep  1 16:53:55 pve kernel: [    0.532511] usb usb2: SerialNumber: 0000:00:06.0
Sep  1 16:53:55 pve kernel: [    0.532584] hub 2-0:1.0: USB hub found
Sep  1 16:53:55 pve kernel: [    0.532591] hub 2-0:1.0: 12 ports detected
Sep  1 16:53:55 pve kernel: [    0.532809] ohci-platform: OHCI generic platform driver
Sep  1 16:53:55 pve kernel: [    0.532816] uhci_hcd: USB Universal Host Controller Interface driver
Sep  1 16:53:55 pve kernel: [    0.532855] i8042: PNP: PS/2 Controller [PNP0303:PS2K,PNP0f03:PS2M] at 0x60,0x64 irq 1,12
Sep  1 16:53:55 pve kernel: [    0.533207] serio: i8042 KBD port at 0x60,0x64 irq 1
Sep  1 16:53:55 pve kernel: [    0.533209] serio: i8042 AUX port at 0x60,0x64 irq 12
Sep  1 16:53:55 pve kernel: [    0.533264] mousedev: PS/2 mouse device common for all mice
Sep  1 16:53:55 pve kernel: [    0.533421] input: AT Translated Set 2 keyboard as /devices/platform/i8042/serio0/input/input2
Sep  1 16:53:55 pve kernel: [    0.533658] rtc_cmos rtc_cmos: rtc core: registered rtc_cmos as rtc0
Sep  1 16:53:55 pve kernel: [    0.533694] rtc_cmos rtc_cmos: alarms up to one day, 114 bytes nvram
Sep  1 16:53:55 pve kernel: [    0.533698] i2c /dev entries driver
Sep  1 16:53:55 pve kernel: [    0.533729] device-mapper: uevent: version 1.0.3
Sep  1 16:53:55 pve kernel: [    0.533761] device-mapper: ioctl: 4.37.0-ioctl (2017-09-20) initialised: dm-devel@redhat.com
Sep  1 16:53:55 pve kernel: [    0.533767] ledtrig-cpu: registered to indicate activity on CPUs
Sep  1 16:53:55 pve kernel: [    0.533848] intel_pmc_core:  initialized
Sep  1 16:53:55 pve kernel: [    0.533987] NET: Registered protocol family 10
Sep  1 16:53:55 pve kernel: [    0.535475] Segment Routing with IPv6
Sep  1 16:53:55 pve kernel: [    0.535488] NET: Registered protocol family 17
Sep  1 16:53:55 pve kernel: [    0.535495] Bridge firewalling registered
Sep  1 16:53:55 pve kernel: [    0.535512] Key type dns_resolver registered
Sep  1 16:53:55 pve kernel: [    0.535565] RAS: Correctable Errors collector initialized.
Sep  1 16:53:55 pve kernel: [    0.535572] sched_clock: Marking stable (532150282, 0)->(690928119, -158777837)
Sep  1 16:53:55 pve kernel: [    0.535637] registered taskstats version 1
Sep  1 16:53:55 pve kernel: [    0.535642] Loading compiled-in X.509 certificates
Sep  1 16:53:55 pve kernel: [    0.535649] zswap: loaded using pool lzo/zbud
Sep  1 16:53:55 pve kernel: [    0.537036] Key type big_key registered
Sep  1 16:53:55 pve kernel: [    0.537038] Key type trusted registered
Sep  1 16:53:55 pve kernel: [    0.537663] Key type encrypted registered
Sep  1 16:53:55 pve kernel: [    0.537664] AppArmor: AppArmor sha1 policy hashing enabled
Sep  1 16:53:55 pve kernel: [    0.537666] ima: No TPM chip found, activating TPM-bypass! (rc=-19)
Sep  1 16:53:55 pve kernel: [    0.537674] evm: HMAC attrs: 0x1
Sep  1 16:53:55 pve kernel: [    0.537858]   Magic number: 2:660:903
Sep  1 16:53:55 pve kernel: [    0.537862] usb usb2-port4: hash matches
Sep  1 16:53:55 pve kernel: [    0.537880] acpi PNP0501:03: hash matches
Sep  1 16:53:55 pve kernel: [    0.537918] rtc_cmos rtc_cmos: setting system clock to 2018-09-01 21:53:46 UTC (1535838826)
Sep  1 16:53:55 pve kernel: [    0.537957] BIOS EDD facility v0.16 2004-Jun-25, 0 devices found
Sep  1 16:53:55 pve kernel: [    0.537957] EDD information not available.
Sep  1 16:53:55 pve kernel: [    0.616283] ata2.00: ATAPI: VBOX CD-ROM, 1.0, max UDMA/133
Sep  1 16:53:55 pve kernel: [    0.616566] ata2.00: configured for UDMA/33
Sep  1 16:53:55 pve kernel: [    0.617055] scsi 1:0:0:0: CD-ROM            VBOX     CD-ROM           1.0  PQ: 0 ANSI: 5
Sep  1 16:53:55 pve kernel: [    0.641089] sr 1:0:0:0: [sr0] scsi3-mmc drive: 32x/32x xa/form2 tray
Sep  1 16:53:55 pve kernel: [    0.641090] cdrom: Uniform CD-ROM driver Revision: 3.20
Sep  1 16:53:55 pve kernel: [    0.641281] sr 1:0:0:0: Attached scsi generic sg0 type 5
Sep  1 16:53:55 pve kernel: [    0.642832] Freeing unused kernel memory: 2412K
Sep  1 16:53:55 pve kernel: [    0.642833] Write protecting the kernel read-only data: 20480k
Sep  1 16:53:55 pve kernel: [    0.643057] Freeing unused kernel memory: 2008K
Sep  1 16:53:55 pve kernel: [    0.645230] Freeing unused kernel memory: 1872K
Sep  1 16:53:55 pve kernel: [    0.649203] x86/mm: Checked W+X mappings: passed, no W+X pages found.
Sep  1 16:53:55 pve kernel: [    0.649204] x86/mm: Checking user space page tables
Sep  1 16:53:55 pve kernel: [    0.653147] x86/mm: Checked W+X mappings: passed, no W+X pages found.
Sep  1 16:53:55 pve kernel: [    0.684878] e1000: Intel(R) PRO/1000 Network Driver - version 7.3.21-k8-NAPI
Sep  1 16:53:55 pve kernel: [    0.684879] e1000: Copyright (c) 1999-2006 Intel Corporation.
Sep  1 16:53:55 pve kernel: [    0.809094] usb 1-1: new high-speed USB device number 2 using ehci-pci
Sep  1 16:53:55 pve kernel: [    1.069656] input: ImExPS/2 Generic Explorer Mouse as /devices/platform/i8042/serio1/input/input4
Sep  1 16:53:55 pve kernel: [    1.196207] usb 2-1: new full-speed USB device number 2 using ohci-pci
Sep  1 16:53:55 pve kernel: [    1.294925] e1000 0000:00:03.0 eth0: (PCI:33MHz:32-bit) 08:00:27:22:d0:aa
Sep  1 16:53:55 pve kernel: [    1.294928] e1000 0000:00:03.0 eth0: Intel(R) PRO/1000 Network Connection
Sep  1 16:53:55 pve kernel: [    1.294989] piix4_smbus 0000:00:07.0: SMBus Host Controller at 0x4100, revision 0
Sep  1 16:53:55 pve kernel: [    1.295607] ahci 0000:00:0d.0: SSS flag set, parallel bus scan disabled
Sep  1 16:53:55 pve kernel: [    1.295697] ahci 0000:00:0d.0: AHCI 0001.0100 32 slots 1 ports 3 Gbps 0x1 impl SATA mode
Sep  1 16:53:55 pve kernel: [    1.295699] ahci 0000:00:0d.0: flags: 64bit ncq stag only ccc 
Sep  1 16:53:55 pve kernel: [    1.296983] e1000 0000:00:03.0 enp0s3: renamed from eth0
Sep  1 16:53:55 pve kernel: [    1.297567] scsi host2: ahci
Sep  1 16:53:55 pve kernel: [    1.297601] ata3: SATA max UDMA/133 abar m8192@0xf0806000 port 0xf0806100 irq 21
Sep  1 16:53:55 pve kernel: [    1.432356] usb 1-1: New USB device found, idVendor=154b, idProduct=007e
Sep  1 16:53:55 pve kernel: [    1.432357] usb 1-1: New USB device strings: Mfr=1, Product=2, SerialNumber=3
Sep  1 16:53:55 pve kernel: [    1.432358] usb 1-1: Product: USB 2.0 FD
Sep  1 16:53:55 pve kernel: [    1.432359] usb 1-1: Manufacturer: PNY
Sep  1 16:53:55 pve kernel: [    1.432360] usb 1-1: SerialNumber: DCEB86BE
Sep  1 16:53:55 pve kernel: [    1.437945] usb-storage 1-1:1.0: USB Mass Storage device detected
Sep  1 16:53:55 pve kernel: [    1.438196] scsi host3: usb-storage 1-1:1.0
Sep  1 16:53:55 pve kernel: [    1.438268] usbcore: registered new interface driver usb-storage
Sep  1 16:53:55 pve kernel: [    1.438385] usbcore: registered new interface driver uas
Sep  1 16:53:55 pve kernel: [    1.472537] tsc: Refined TSC clocksource calibration: 4010.152 MHz
Sep  1 16:53:55 pve kernel: [    1.472539] clocksource: tsc: mask: 0xffffffffffffffff max_cycles: 0x39cdd2abb4e, max_idle_ns: 440795300245 ns
Sep  1 16:53:55 pve kernel: [    1.513523] usb 2-1: New USB device found, idVendor=80ee, idProduct=0021
Sep  1 16:53:55 pve kernel: [    1.513524] usb 2-1: New USB device strings: Mfr=1, Product=3, SerialNumber=0
Sep  1 16:53:55 pve kernel: [    1.513525] usb 2-1: Product: USB Tablet
Sep  1 16:53:55 pve kernel: [    1.513526] usb 2-1: Manufacturer: VirtualBox
Sep  1 16:53:55 pve kernel: [    1.521289] hidraw: raw HID events driver (C) Jiri Kosina
Sep  1 16:53:55 pve kernel: [    1.535353] usbcore: registered new interface driver usbhid
Sep  1 16:53:55 pve kernel: [    1.535354] usbhid: USB HID core driver
Sep  1 16:53:55 pve kernel: [    1.536041] input: VirtualBox USB Tablet as /devices/pci0000:00/0000:00:06.0/usb2/2-1/2-1:1.0/0003:80EE:0021.0001/input/input5
Sep  1 16:53:55 pve kernel: [    1.536289] hid-generic 0003:80EE:0021.0001: input,hidraw0: USB HID v1.10 Mouse [VirtualBox USB Tablet] on usb-0000:00:06.0-1/input0
Sep  1 16:53:55 pve kernel: [    1.610424] ata3: SATA link up 3.0 Gbps (SStatus 123 SControl 300)
Sep  1 16:53:55 pve kernel: [    1.610606] ata3.00: ATA-6: VBOX HARDDISK, 1.0, max UDMA/133
Sep  1 16:53:55 pve kernel: [    1.610607] ata3.00: 16777216 sectors, multi 128: LBA48 NCQ (depth 31/32)
Sep  1 16:53:55 pve kernel: [    1.610911] ata3.00: configured for UDMA/133
Sep  1 16:53:55 pve kernel: [    1.610979] scsi 2:0:0:0: Direct-Access     ATA      VBOX HARDDISK    1.0  PQ: 0 ANSI: 5
Sep  1 16:53:55 pve kernel: [    1.611122] sd 2:0:0:0: [sda] 16777216 512-byte logical blocks: (8.59 GB/8.00 GiB)
Sep  1 16:53:55 pve kernel: [    1.611127] sd 2:0:0:0: [sda] Write Protect is off
Sep  1 16:53:55 pve kernel: [    1.611134] sd 2:0:0:0: [sda] Write cache: enabled, read cache: enabled, doesn't support DPO or FUA
Sep  1 16:53:55 pve kernel: [    1.611249] sd 2:0:0:0: Attached scsi generic sg1 type 0
Sep  1 16:53:55 pve kernel: [    1.613690]  sda: sda1 sda2 sda3
Sep  1 16:53:55 pve kernel: [    1.613819] sd 2:0:0:0: [sda] Attached SCSI disk
Sep  1 16:53:55 pve kernel: [    1.740352] raid6: sse2x1   gen() 11555 MB/s
Sep  1 16:53:55 pve kernel: [    1.788681] raid6: sse2x1   xor() 10085 MB/s
Sep  1 16:53:55 pve kernel: [    1.836037] raid6: sse2x2   gen() 16280 MB/s
Sep  1 16:53:55 pve kernel: [    1.884158] raid6: sse2x2   xor()  9489 MB/s
Sep  1 16:53:55 pve kernel: [    1.932033] raid6: sse2x4   gen() 17107 MB/s
Sep  1 16:53:55 pve kernel: [    1.980427] raid6: sse2x4   xor() 12028 MB/s
Sep  1 16:53:55 pve kernel: [    2.028072] raid6: avx2x1   gen() 26302 MB/s
Sep  1 16:53:55 pve kernel: [    2.076256] raid6: avx2x1   xor() 19381 MB/s
Sep  1 16:53:55 pve kernel: [    2.124022] raid6: avx2x2   gen() 28787 MB/s
Sep  1 16:53:55 pve kernel: [    2.172309] raid6: avx2x2   xor() 19074 MB/s
Sep  1 16:53:55 pve kernel: [    2.220252] raid6: avx2x4   gen() 33746 MB/s
Sep  1 16:53:55 pve kernel: [    2.268090] raid6: avx2x4   xor() 24770 MB/s
Sep  1 16:53:55 pve kernel: [    2.268092] raid6: using algorithm avx2x4 gen() 33746 MB/s
Sep  1 16:53:55 pve kernel: [    2.268092] raid6: .... xor() 24770 MB/s, rmw enabled
Sep  1 16:53:55 pve kernel: [    2.268093] raid6: using avx2x2 recovery algorithm
Sep  1 16:53:55 pve kernel: [    2.269259] xor: automatically using best checksumming function   avx       
Sep  1 16:53:55 pve kernel: [    2.293687] Btrfs loaded, crc32c=crc32c-intel
Sep  1 16:53:55 pve kernel: [    2.410164] EXT4-fs (dm-1): mounted filesystem with ordered data mode. Opts: (null)
Sep  1 16:53:55 pve kernel: [    2.476628] scsi 3:0:0:0: Direct-Access     PNY      USB 2.0 FD       8.07 PQ: 0 ANSI: 4
Sep  1 16:53:55 pve kernel: [    2.476777] sd 3:0:0:0: Attached scsi generic sg2 type 0
Sep  1 16:53:55 pve kernel: [    2.482903] ip_tables: (C) 2000-2006 Netfilter Core Team
Sep  1 16:53:55 pve kernel: [    2.515689] sd 3:0:0:0: [sdb] 250060800 512-byte logical blocks: (128 GB/119 GiB)
Sep  1 16:53:55 pve kernel: [    2.527591] sd 3:0:0:0: [sdb] Write Protect is off
Sep  1 16:53:55 pve kernel: [    2.539329] sd 3:0:0:0: [sdb] Write cache: disabled, read cache: enabled, doesn't support DPO or FUA
Sep  1 16:53:55 pve kernel: [    2.630858] Loading iSCSI transport class v2.0-870.
Sep  1 16:53:55 pve kernel: [    2.632591] RPC: Registered named UNIX socket transport module.
Sep  1 16:53:55 pve kernel: [    2.632592] RPC: Registered udp transport module.
Sep  1 16:53:55 pve kernel: [    2.632592] RPC: Registered tcp transport module.
Sep  1 16:53:55 pve kernel: [    2.632593] RPC: Registered tcp NFSv4.1 backchannel transport module.
Sep  1 16:53:55 pve kernel: [    2.636224] EXT4-fs (dm-1): re-mounted. Opts: errors=remount-ro
Sep  1 16:53:55 pve kernel: [    2.638614] iscsi: registered transport (tcp)
Sep  1 16:53:55 pve kernel: [    2.708616] iscsi: registered transport (iser)
Sep  1 16:53:55 pve kernel: [    2.714413] spl: loading out-of-tree module taints kernel.
Sep  1 16:53:55 pve kernel: [    2.731630] SPL: Loaded module v0.7.8-1
Sep  1 16:53:55 pve kernel: [    2.732276] znvpair: module license 'CDDL' taints kernel.
Sep  1 16:53:55 pve kernel: [    2.732276] Disabling lock debugging due to kernel taint
Sep  1 16:53:55 pve kernel: [    3.389351]  sdb: sdb1 sdb2 sdb3 sdb4 sdb5
Sep  1 16:53:55 pve kernel: [    3.425947] ACPI: Video Device [GFX0] (multi-head: yes  rom: no  post: no)
Sep  1 16:53:55 pve kernel: [    3.425998] input: Video Bus as /devices/LNXSYSTM:00/LNXSYBUS:00/PNP0A03:00/LNXVIDEO:00/input/input6
Sep  1 16:53:55 pve kernel: [    3.445005] vgdrvHeartbeatInit: Setting up heartbeat to trigger every 2000 milliseconds
Sep  1 16:53:55 pve kernel: [    3.445048] input: Unspecified device as /devices/pci0000:00/0000:00:04.0/input/input7
Sep  1 16:53:55 pve kernel: [    3.445119] vboxguest: misc device minor 55, IRQ 20, I/O port d020, MMIO at 00000000f0400000 (size 0x400000)
Sep  1 16:53:55 pve kernel: [    3.447419] sd 3:0:0:0: [sdb] Attached SCSI removable disk
Sep  1 16:53:55 pve kernel: [    3.468772] input: PC Speaker as /devices/platform/pcspkr/input/input8
Sep  1 16:53:55 pve kernel: [    3.479252] vboxvideo: module is from the staging directory, the quality is unknown, you have been warned.
Sep  1 16:53:55 pve kernel: [    3.490686] RAPL PMU: API unit is 2^-32 Joules, 5 fixed counters, 10737418240 ms ovfl timer
Sep  1 16:53:55 pve kernel: [    3.490687] RAPL PMU: hw unit of domain pp0-core 2^-0 Joules
Sep  1 16:53:55 pve kernel: [    3.490688] RAPL PMU: hw unit of domain package 2^-0 Joules
Sep  1 16:53:55 pve kernel: [    3.490688] RAPL PMU: hw unit of domain dram 2^-0 Joules
Sep  1 16:53:55 pve kernel: [    3.490689] RAPL PMU: hw unit of domain pp1-gpu 2^-0 Joules
Sep  1 16:53:55 pve kernel: [    3.490689] RAPL PMU: hw unit of domain psys 2^-0 Joules
Sep  1 16:53:55 pve kernel: [    3.501989] AVX2 version of gcm_enc/dec engaged.
Sep  1 16:53:55 pve kernel: [    3.501990] AES CTR mode by8 optimization enabled
Sep  1 16:53:55 pve kernel: [    3.586632] Adding 917500k swap on /dev/mapper/pve-swap.  Priority:-2 extents:1 across:917500k FS
Sep  1 16:53:55 pve kernel: [    3.785406] random: crng init done
Sep  1 16:53:55 pve kernel: [    3.864945] snd_intel8x0 0000:00:05.0: white list rate for 1028:0177 is 48000
Sep  1 16:53:55 pve kernel: [    3.865797] [drm] VRAM 01400000
Sep  1 16:53:55 pve kernel: [    3.868430] [TTM] Zone  kernel: Available graphics memory: 2019854 kiB
Sep  1 16:53:55 pve kernel: [    3.868431] [TTM] Initializing pool allocator
Sep  1 16:53:55 pve kernel: [    3.868434] [TTM] Initializing DMA pool allocator
Sep  1 16:53:55 pve kernel: [    3.869685] fbcon: vboxdrmfb (fb0) is primary device
Sep  1 16:53:55 pve kernel: [    3.871348] Console: switching to colour frame buffer device 100x37
Sep  1 16:53:55 pve kernel: [    3.871915] vboxvideo 0000:00:02.0: fb0: vboxdrmfb frame buffer device
Sep  1 16:53:55 pve kernel: [    3.871926] [drm] Initialized vboxvideo 1.0.0 20130823 for 0000:00:02.0 on minor 0
Sep  1 16:53:55 pve kernel: [    5.052843] ZFS: Loaded module v0.7.8-1, ZFS pool version 5000, ZFS filesystem version 5
Sep  1 16:53:55 pve kernel: [    8.669440] device-mapper: thin: Data device (dm-3) discard unsupported: Disabling discard passdown.
Sep  1 16:53:55 pve kernel: [    9.727257] Netfilter messages via NETLINK v0.30.
Sep  1 16:53:55 pve kernel: [    9.846123] audit: type=1400 audit(1535838835.804:2): apparmor="STATUS" operation="profile_load" profile="unconfined" name="lxc-container-default" pid=669 comm="apparmor_parser"
Sep  1 16:53:55 pve kernel: [    9.846125] audit: type=1400 audit(1535838835.804:3): apparmor="STATUS" operation="profile_load" profile="unconfined" name="lxc-container-default-cgns" pid=669 comm="apparmor_parser"
Sep  1 16:53:55 pve kernel: [    9.846126] audit: type=1400 audit(1535838835.804:4): apparmor="STATUS" operation="profile_load" profile="unconfined" name="lxc-container-default-with-mounting" pid=669 comm="apparmor_parser"
Sep  1 16:53:55 pve kernel: [    9.846127] audit: type=1400 audit(1535838835.804:5): apparmor="STATUS" operation="profile_load" profile="unconfined" name="lxc-container-default-with-nesting" pid=669 comm="apparmor_parser"
Sep  1 16:53:55 pve kernel: [    9.847145] audit: type=1400 audit(1535838835.804:6): apparmor="STATUS" operation="profile_load" profile="unconfined" name="/usr/bin/lxc-start" pid=670 comm="apparmor_parser"
Sep  1 16:53:55 pve kernel: [    9.863742] softdog: initialized. soft_noboot=0 soft_margin=60 sec soft_panic=0 (nowayout=0)
Sep  1 16:53:55 pve kernel: [    9.867307] new mount options do not match the existing superblock, will be ignored
Sep  1 16:53:55 pve lvm[524]: Monitoring thin pool pve-data.
Sep  1 16:53:55 pve liblogging-stdlog:  [origin software="rsyslogd" swVersion="8.24.0" x-pid="691" x-info="http://www.rsyslog.com"] start
Sep  1 16:53:56 pve kernel: [   10.058986] vmbr0: port 1(enp0s3) entered blocking state
Sep  1 16:53:56 pve kernel: [   10.058987] vmbr0: port 1(enp0s3) entered disabled state
Sep  1 16:53:56 pve kernel: [   10.059035] device enp0s3 entered promiscuous mode
Sep  1 16:53:56 pve kernel: [   10.068522] e1000: enp0s3 NIC Link is Up 1000 Mbps Full Duplex, Flow Control: RX
Sep  1 16:53:56 pve kernel: [   10.070324] vmbr0: port 1(enp0s3) entered blocking state
Sep  1 16:53:56 pve kernel: [   10.070325] vmbr0: port 1(enp0s3) entered forwarding state
Sep  1 16:53:56 pve kernel: [   10.071805] IPv6: ADDRCONF(NETDEV_UP): vmbr0: link is not ready
Sep  1 16:53:56 pve kernel: [   10.265641] audit: type=1400 audit(1535838836.224:7): apparmor="STATUS" operation="profile_replace" info="same as current profile, skipping" profile="unconfined" name="/usr/bin/lxc-start" pid=862 comm="apparmor_parser"
Sep  1 16:53:56 pve kernel: [   10.309290] audit: type=1400 audit(1535838836.268:8): apparmor="STATUS" operation="profile_replace" info="same as current profile, skipping" profile="unconfined" name="lxc-container-default" pid=869 comm="apparmor_parser"
Sep  1 16:53:56 pve kernel: [   10.309293] audit: type=1400 audit(1535838836.268:9): apparmor="STATUS" operation="profile_replace" info="same as current profile, skipping" profile="unconfined" name="lxc-container-default-cgns" pid=869 comm="apparmor_parser"
Sep  1 16:53:56 pve kernel: [   10.309294] audit: type=1400 audit(1535838836.268:10): apparmor="STATUS" operation="profile_replace" info="same as current profile, skipping" profile="unconfined" name="lxc-container-default-with-mounting" pid=869 comm="apparmor_parser"
Sep  1 16:53:56 pve kernel: [   10.309296] audit: type=1400 audit(1535838836.268:11): apparmor="STATUS" operation="profile_replace" info="same as current profile, skipping" profile="unconfined" name="lxc-container-default-with-nesting" pid=869 comm="apparmor_parser"
Sep  1 16:53:57 pve kernel: [   11.072108] IPv6: ADDRCONF(NETDEV_CHANGE): vmbr0: link becomes ready
Sep  1 16:53:59 pve kernel: [   13.257467] ip6_tables: (C) 2000-2006 Netfilter Core Team
Sep  1 16:53:59 pve kernel: [   13.271113] ip_set: protocol 6
Sep  1 16:54:01 pve pve-guests[1294]: <root@pam> starting task UPID:pve:0000052E:0000063A:5B8B0A79:startall::root@pam:
Sep  1 16:54:01 pve pve-guests[1294]: <root@pam> end task UPID:pve:0000052E:0000063A:5B8B0A79:startall::root@pam: OK
Sep  1 16:56:02 pve kernel: [  137.989588]  sdb: sdb1 sdb2 sdb3 sdb4 sdb5
Sep  1 16:56:39 pve kernel: [  174.418130]  sdb: sdb1 sdb2 sdb3 sdb4 sdb5
Sep  1 16:59:34 pve pvedaemon[1183]: <root@pam> successful auth for user 'root@pam'
Sep  1 17:01:45 pve kernel: [  481.003387]  sdb:
Sep  1 17:01:46 pve kernel: [  481.998855]  sdb:
Sep  1 17:01:48 pve kernel: [  483.505283]  sdb:
Sep  1 17:03:22 pve kernel: [  577.636057]  sdb: sdb1 sdb2
Sep  1 17:14:35 pve pvedaemon[1184]: <root@pam> successful auth for user 'root@pam'
Sep  1 17:17:41 pve kernel: [ 1436.753766] EXT4-fs (sdb2): mounted filesystem with ordered data mode. Opts: (null)
Sep  1 17:20:31 pve kernel: [ 1606.972569] EXT4-fs (dm-1): resizing filesystem from 688128 to 917504 blocks
Sep  1 17:20:31 pve kernel: [ 1606.985800] EXT4-fs (dm-1): resized filesystem to 917504
Sep  1 17:22:30 pve pve-guests[3981]: <root@pam> starting task UPID:pve:00000F98:0002A20E:5B8B1126:stopall::root@pam:
Sep  1 17:22:30 pve pve-guests[3981]: <root@pam> end task UPID:pve:00000F98:0002A20E:5B8B1126:stopall::root@pam: OK
Sep  1 17:22:54 pve kernel: [    0.000000] Linux version 4.15.17-1-pve (root@nora) (gcc version 6.3.0 20170516 (Debian 6.3.0-18+deb9u1)) #1 SMP PVE 4.15.17-9 (Wed, 9 May 2018 13:31:43 +0200) ()
Sep  1 17:22:54 pve kernel: [    0.000000] Command line: BOOT_IMAGE=/boot/vmlinuz-4.15.17-1-pve root=/dev/mapper/pve-root ro quiet
Sep  1 17:22:54 pve kernel: [    0.000000] KERNEL supported cpus:
Sep  1 17:22:54 pve kernel: [    0.000000]   Intel GenuineIntel
Sep  1 17:22:54 pve kernel: [    0.000000]   AMD AuthenticAMD
Sep  1 17:22:54 pve kernel: [    0.000000]   Centaur CentaurHauls
Sep  1 17:22:54 pve kernel: [    0.000000] x86/fpu: Supporting XSAVE feature 0x001: 'x87 floating point registers'
Sep  1 17:22:54 pve kernel: [    0.000000] x86/fpu: Supporting XSAVE feature 0x002: 'SSE registers'
Sep  1 17:22:54 pve kernel: [    0.000000] x86/fpu: Supporting XSAVE feature 0x004: 'AVX registers'
Sep  1 17:22:54 pve kernel: [    0.000000] x86/fpu: xstate_offset[2]:  576, xstate_sizes[2]:  256
Sep  1 17:22:54 pve kernel: [    0.000000] x86/fpu: Enabled xstate features 0x7, context size is 832 bytes, using 'standard' format.
Sep  1 17:22:54 pve kernel: [    0.000000] e820: BIOS-provided physical RAM map:
Sep  1 17:22:54 pve kernel: [    0.000000] BIOS-e820: [mem 0x0000000000000000-0x000000000009fbff] usable
Sep  1 17:22:54 pve kernel: [    0.000000] BIOS-e820: [mem 0x000000000009fc00-0x000000000009ffff] reserved
Sep  1 17:22:54 pve kernel: [    0.000000] BIOS-e820: [mem 0x00000000000f0000-0x00000000000fffff] reserved
Sep  1 17:22:54 pve kernel: [    0.000000] BIOS-e820: [mem 0x0000000000100000-0x00000000dffeffff] usable
Sep  1 17:22:54 pve kernel: [    0.000000] BIOS-e820: [mem 0x00000000dfff0000-0x00000000dfffffff] ACPI data
Sep  1 17:22:54 pve kernel: [    0.000000] BIOS-e820: [mem 0x00000000fec00000-0x00000000fec00fff] reserved
Sep  1 17:22:54 pve kernel: [    0.000000] BIOS-e820: [mem 0x00000000fee00000-0x00000000fee00fff] reserved
Sep  1 17:22:54 pve kernel: [    0.000000] BIOS-e820: [mem 0x00000000fffc0000-0x00000000ffffffff] reserved
Sep  1 17:22:54 pve kernel: [    0.000000] BIOS-e820: [mem 0x0000000100000000-0x000000011fffffff] usable
Sep  1 17:22:54 pve kernel: [    0.000000] NX (Execute Disable) protection: active
Sep  1 17:22:54 pve kernel: [    0.000000] random: fast init done
Sep  1 17:22:54 pve kernel: [    0.000000] SMBIOS 2.5 present.
Sep  1 17:22:54 pve kernel: [    0.000000] DMI: innotek GmbH VirtualBox/VirtualBox, BIOS VirtualBox 12/01/2006
Sep  1 17:22:54 pve kernel: [    0.000000] Hypervisor detected: KVM
Sep  1 17:22:54 pve kernel: [    0.000000] e820: last_pfn = 0x120000 max_arch_pfn = 0x400000000
Sep  1 17:22:54 pve kernel: [    0.000000] MTRR: Disabled
Sep  1 17:22:54 pve kernel: [    0.000000] x86/PAT: MTRRs disabled, skipping PAT initialization too.
Sep  1 17:22:54 pve kernel: [    0.000000] CPU MTRRs all blank - virtualized system.
Sep  1 17:22:54 pve kernel: [    0.000000] x86/PAT: Configuration [0-7]: WB  WT  UC- UC  WB  WT  UC- UC  
Sep  1 17:22:54 pve kernel: [    0.000000] e820: last_pfn = 0xdfff0 max_arch_pfn = 0x400000000
Sep  1 17:22:54 pve kernel: [    0.000000] found SMP MP-table at [mem 0x0009fff0-0x0009ffff] mapped at [        (ptrval)]
Sep  1 17:22:54 pve kernel: [    0.000000] Scanning 1 areas for low memory corruption
Sep  1 17:22:54 pve kernel: [    0.000000] RAMDISK: [mem 0x3370f000-0x35b7efff]
Sep  1 17:22:54 pve kernel: [    0.000000] ACPI: Early table checksum verification disabled
Sep  1 17:22:54 pve kernel: [    0.000000] ACPI: RSDP 0x00000000000E0000 000024 (v02 VBOX  )
Sep  1 17:22:54 pve kernel: [    0.000000] ACPI: XSDT 0x00000000DFFF0030 00003C (v01 VBOX   VBOXXSDT 00000001 ASL  00000061)
Sep  1 17:22:54 pve kernel: [    0.000000] ACPI: FACP 0x00000000DFFF00F0 0000F4 (v04 VBOX   VBOXFACP 00000001 ASL  00000061)
Sep  1 17:22:54 pve kernel: [    0.000000] ACPI: DSDT 0x00000000DFFF0470 0021FF (v02 VBOX   VBOXBIOS 00000002 INTL 20100528)
Sep  1 17:22:54 pve kernel: [    0.000000] ACPI: FACS 0x00000000DFFF0200 000040
Sep  1 17:22:54 pve kernel: [    0.000000] ACPI: FACS 0x00000000DFFF0200 000040
Sep  1 17:22:54 pve kernel: [    0.000000] ACPI: APIC 0x00000000DFFF0240 000054 (v02 VBOX   VBOXAPIC 00000001 ASL  00000061)
Sep  1 17:22:54 pve kernel: [    0.000000] ACPI: SSDT 0x00000000DFFF02A0 0001CC (v01 VBOX   VBOXCPUT 00000002 INTL 20100528)
Sep  1 17:22:54 pve kernel: [    0.000000] No NUMA configuration found
Sep  1 17:22:54 pve kernel: [    0.000000] Faking a node at [mem 0x0000000000000000-0x000000011fffffff]
Sep  1 17:22:54 pve kernel: [    0.000000] NODE_DATA(0) allocated [mem 0x11ffd1000-0x11fffbfff]
Sep  1 17:22:54 pve kernel: [    0.000000] kvm-clock: cpu 0, msr 1:1ff50001, primary cpu clock
Sep  1 17:22:54 pve kernel: [    0.000000] kvm-clock: Using msrs 4b564d01 and 4b564d00
Sep  1 17:22:54 pve kernel: [    0.000000] kvm-clock: using sched offset of 4392816660353 cycles
Sep  1 17:22:54 pve kernel: [    0.000000] clocksource: kvm-clock: mask: 0xffffffffffffffff max_cycles: 0x1cd42e4dffb, max_idle_ns: 881590591483 ns
Sep  1 17:22:54 pve kernel: [    0.000000] Zone ranges:
Sep  1 17:22:54 pve kernel: [    0.000000]   DMA      [mem 0x0000000000001000-0x0000000000ffffff]
Sep  1 17:22:54 pve kernel: [    0.000000]   DMA32    [mem 0x0000000001000000-0x00000000ffffffff]
Sep  1 17:22:54 pve kernel: [    0.000000]   Normal   [mem 0x0000000100000000-0x000000011fffffff]
Sep  1 17:22:54 pve kernel: [    0.000000]   Device   empty
Sep  1 17:22:54 pve kernel: [    0.000000] Movable zone start for each node
Sep  1 17:22:54 pve kernel: [    0.000000] Early memory node ranges
Sep  1 17:22:54 pve kernel: [    0.000000]   node   0: [mem 0x0000000000001000-0x000000000009efff]
Sep  1 17:22:54 pve kernel: [    0.000000]   node   0: [mem 0x0000000000100000-0x00000000dffeffff]
Sep  1 17:22:54 pve kernel: [    0.000000]   node   0: [mem 0x0000000100000000-0x000000011fffffff]
Sep  1 17:22:54 pve kernel: [    0.000000] Initmem setup node 0 [mem 0x0000000000001000-0x000000011fffffff]
Sep  1 17:22:54 pve kernel: [    0.000000] Reserved but unavailable: 98 pages
Sep  1 17:22:54 pve kernel: [    0.000000] ACPI: PM-Timer IO Port: 0x4008
Sep  1 17:22:54 pve kernel: [    0.000000] IOAPIC[0]: apic_id 1, version 32, address 0xfec00000, GSI 0-23
Sep  1 17:22:54 pve kernel: [    0.000000] ACPI: INT_SRC_OVR (bus 0 bus_irq 0 global_irq 2 dfl dfl)
Sep  1 17:22:54 pve kernel: [    0.000000] ACPI: INT_SRC_OVR (bus 0 bus_irq 9 global_irq 9 low level)
Sep  1 17:22:54 pve kernel: [    0.000000] Using ACPI (MADT) for SMP configuration information
Sep  1 17:22:54 pve kernel: [    0.000000] smpboot: Allowing 1 CPUs, 0 hotplug CPUs
Sep  1 17:22:54 pve kernel: [    0.000000] PM: Registered nosave memory: [mem 0x00000000-0x00000fff]
Sep  1 17:22:54 pve kernel: [    0.000000] PM: Registered nosave memory: [mem 0x0009f000-0x0009ffff]
Sep  1 17:22:54 pve kernel: [    0.000000] PM: Registered nosave memory: [mem 0x000a0000-0x000effff]
Sep  1 17:22:54 pve kernel: [    0.000000] PM: Registered nosave memory: [mem 0x000f0000-0x000fffff]
Sep  1 17:22:54 pve kernel: [    0.000000] PM: Registered nosave memory: [mem 0xdfff0000-0xdfffffff]
Sep  1 17:22:54 pve kernel: [    0.000000] PM: Registered nosave memory: [mem 0xe0000000-0xfebfffff]
Sep  1 17:22:54 pve kernel: [    0.000000] PM: Registered nosave memory: [mem 0xfec00000-0xfec00fff]
Sep  1 17:22:54 pve kernel: [    0.000000] PM: Registered nosave memory: [mem 0xfec01000-0xfedfffff]
Sep  1 17:22:54 pve kernel: [    0.000000] PM: Registered nosave memory: [mem 0xfee00000-0xfee00fff]
Sep  1 17:22:54 pve kernel: [    0.000000] PM: Registered nosave memory: [mem 0xfee01000-0xfffbffff]
Sep  1 17:22:54 pve kernel: [    0.000000] PM: Registered nosave memory: [mem 0xfffc0000-0xffffffff]
Sep  1 17:22:54 pve kernel: [    0.000000] e820: [mem 0xe0000000-0xfebfffff] available for PCI devices
Sep  1 17:22:54 pve kernel: [    0.000000] Booting paravirtualized kernel on KVM
Sep  1 17:22:54 pve kernel: [    0.000000] clocksource: refined-jiffies: mask: 0xffffffff max_cycles: 0xffffffff, max_idle_ns: 7645519600211568 ns
Sep  1 17:22:54 pve kernel: [    0.000000] setup_percpu: NR_CPUS:8192 nr_cpumask_bits:1 nr_cpu_ids:1 nr_node_ids:1
